Component: Arm Compiler for Embedded 6.18 Tool: armlink [5e4cc100]

==============================================================================

Image Symbol Table

    Local Symbols

    Symbol Name                              Value     Ov Type        Size  Object(Section)

    ../clib/angel/boardlib.s                 0x00000000   Number         0  boardinit1.o ABSOLUTE
    ../clib/angel/boardlib.s                 0x00000000   Number         0  boardinit2.o ABSOLUTE
    ../clib/angel/boardlib.s                 0x00000000   Number         0  boardinit3.o ABSOLUTE
    ../clib/angel/boardlib.s                 0x00000000   Number         0  boardshut.o ABSOLUTE
    ../clib/angel/dczerorl.s                 0x00000000   Number         0  __dczerorl.o ABSOLUTE
    ../clib/angel/handlers.s                 0x00000000   Number         0  __scatter_copy.o ABSOLUTE
    ../clib/angel/handlers.s                 0x00000000   Number         0  __scatter_zi.o ABSOLUTE
    ../clib/angel/kernel.s                   0x00000000   Number         0  __rtentry.o ABSOLUTE
    ../clib/angel/kernel.s                   0x00000000   Number         0  __rtentry2.o ABSOLUTE
    ../clib/angel/kernel.s                   0x00000000   Number         0  __rtentry4.o ABSOLUTE
    ../clib/angel/kernel.s                   0x00000000   Number         0  rtexit.o ABSOLUTE
    ../clib/angel/kernel.s                   0x00000000   Number         0  rtexit2.o ABSOLUTE
    ../clib/angel/rt.s                       0x00000000   Number         0  aeabi_ldiv0.o ABSOLUTE
    ../clib/angel/rt.s                       0x00000000   Number         0  aeabi_ldiv0_sigfpe.o ABSOLUTE
    ../clib/angel/rt.s                       0x00000000   Number         0  rt_heap_descriptor.o ABSOLUTE
    ../clib/angel/rt.s                       0x00000000   Number         0  rt_heap_descriptor_intlibspace.o ABSOLUTE
    ../clib/angel/rt.s                       0x00000000   Number         0  rt_div0.o ABSOLUTE
    ../clib/angel/rt.s                       0x00000000   Number         0  rt_raise.o ABSOLUTE
    ../clib/angel/rt.s                       0x00000000   Number         0  rt_ddtor_pointer_addr.o ABSOLUTE
    ../clib/angel/rt.s                       0x00000000   Number         0  rt_ddtor_pointer_addr_intlibspace.o ABSOLUTE
    ../clib/angel/rt.s                       0x00000000   Number         0  rt_ctype_table.o ABSOLUTE
    ../clib/angel/rt.s                       0x00000000   Number         0  rt_locale.o ABSOLUTE
    ../clib/angel/rt.s                       0x00000000   Number         0  rt_locale_intlibspace.o ABSOLUTE
    ../clib/angel/rt.s                       0x00000000   Number         0  rt_errno_addr.o ABSOLUTE
    ../clib/angel/rt.s                       0x00000000   Number         0  rt_errno_addr_intlibspace.o ABSOLUTE
    ../clib/angel/scatter.s                  0x00000000   Number         0  __scatter.o ABSOLUTE
    ../clib/angel/startup.s                  0x00000000   Number         0  __main.o ABSOLUTE
    ../clib/angel/sys.s                      0x00000000   Number         0  libspace.o ABSOLUTE
    ../clib/angel/sys.s                      0x00000000   Number         0  use_no_semi.o ABSOLUTE
    ../clib/angel/sys.s                      0x00000000   Number         0  mutex_dummy.o ABSOLUTE
    ../clib/angel/sys.s                      0x00000000   Number         0  indicate_semi.o ABSOLUTE
    ../clib/angel/sys.s                      0x00000000   Number         0  sys_stackheap_outer.o ABSOLUTE
    ../clib/angel/sysapp.c                   0x00000000   Number         0  sys_command.o ABSOLUTE
    ../clib/angel/sysapp.c                   0x00000000   Number         0  sys_command_hlt.o ABSOLUTE
    ../clib/angel/sysapp.c                   0x00000000   Number         0  sys_wrch.o ABSOLUTE
    ../clib/angel/sysapp.c                   0x00000000   Number         0  sys_exit.o ABSOLUTE
    ../clib/angel/sysapp.c                   0x00000000   Number         0  sys_wrch_hlt.o ABSOLUTE
    ../clib/angel/sysapp.c                   0x00000000   Number         0  sys_exit_hlt.o ABSOLUTE
    ../clib/arm_runtime.c                    0x00000000   Number         0  init_aeabi.o ABSOLUTE
    ../clib/arm_runtime.c                    0x00000000   Number         0  init_aeabi.o ABSOLUTE
    ../clib/armsys.c                         0x00000000   Number         0  _get_argv.o ABSOLUTE
    ../clib/armsys.c                         0x00000000   Number         0  argv_veneer.o ABSOLUTE
    ../clib/armsys.c                         0x00000000   Number         0  argv_veneer.o ABSOLUTE
    ../clib/armsys.c                         0x00000000   Number         0  _get_argv_nomalloc.o ABSOLUTE
    ../clib/armsys.c                         0x00000000   Number         0  no_argv.o ABSOLUTE
    ../clib/assert.c                         0x00000000   Number         0  assert.o ABSOLUTE
    ../clib/assert.c                         0x00000000   Number         0  assert_puts.o ABSOLUTE
[...]
    0x0803dea8   0x0803da44   0x00000008   Data   RO         1780    .ARM.exidx.text._ZN8touchgfx3LCD27supportDynamicBitmapDrawingENS_6Bitmap12BitmapFormatE  touchgfx_core_wchar16.lib(lcd16bpp.o)
    0x0803deb0   0x0803da44   0x00000008   Data   RO         2384    .ARM.exidx.text._ZN8touchgfx3LCD5realXERKNS_4RectEssNS_12TextRotationE  touchgfx_core_wchar16.lib(lcd.o)
    0x0803deb8   0x0803da44   0x00000008   Data   RO         2401    .ARM.exidx.text._ZN8touchgfx4Edge4stepEi  touchgfx_core_wchar16.lib(lcd.o)
    0x0803dec0   0x0803da44   0x00000008   Data   RO         2403    .ARM.exidx.text._ZN8touchgfx4Edge4stepEv  touchgfx_core_wchar16.lib(lcd.o)
    0x0803dec8   0x0803da44   0x00000008   Data   RO         1692    .ARM.exidx.text._ZN8touchgfx4RectaNERKS0_  touchgfx_core_wchar16.lib(lcd16bpp.o)
    0x0803ded0   0x0803da44   0x00000008   Data   RO          810    .ARM.exidx.text._ZN8touchgfx4ViewI18ScreenCCTPresenterE4bindERS1_  frontendapplicationbase.o
    0x0803ded8   0x0803da44   0x00000008   Data   RO         2350    .ARM.exidx.text._ZN8touchgfx5Image9setBitmapERKNS_6BitmapE  touchgfx_core_wchar16.lib(image.o)
    0x0803dee0   0x0803da44   0x00000008   Data   RO          916    .ARM.exidx.text._ZN8touchgfx5ImageC2ERKNS_6BitmapE  screencctviewbase.o
    0x0803dee8   0x0803da44   0x00000008   Data   RO         1998    .ARM.exidx.text._ZN8touchgfx6Bitmap12compactCacheEv  touchgfx_core_wchar16.lib(bitmap.o)
    0x0803def0   0x0803da44   0x00000008   Data   RO         1972    .ARM.exidx.text._ZN8touchgfx6Bitmap13cacheInternalEtj  touchgfx_core_wchar16.lib(bitmap.o)
    0x0803def8   0x0803da44   0x00000008   Data   RO         1996    .ARM.exidx.text._ZN8touchgfx6Bitmap15getSizeOfBitmapEt  touchgfx_core_wchar16.lib(bitmap.o)
    0x0803df00   0x0803da44   0x00000008   Data   RO         1954    .ARM.exidx.text._ZN8touchgfx6Bitmap15isDynamicBitmapEt  touchgfx_core_wchar16.lib(bitmap.o)
    0x0803df08   0x0803da44   0x00000008   Data   RO         1994    .ARM.exidx.text._ZN8touchgfx6Bitmap17copyBitmapToCacheEtPh  touchgfx_core_wchar16.lib(bitmap.o)
    0x0803df10   0x0803da44   0x00000008   Data   RO         2000    .ARM.exidx.text._ZN8touchgfx6Bitmap21isCustomDynamicBitmapEt  touchgfx_core_wchar16.lib(bitmap.o)
    0x0803df18   0x0803da44   0x00000008   Data   RO         1950    .ARM.exidx.text._ZN8touchgfx6Bitmap5cacheEt  touchgfx_core_wchar16.lib(bitmap.o)
    0x0803df20   0x0803da44   0x00000008   Data   RO         2008    .ARM.exidx.text._ZN8touchgfx6Bitmap8cacheAllEv  touchgfx_core_wchar16.lib(bitmap.o)
    0x0803df28   0x0803da44   0x00000008   Data   RO         1938    .ARM.exidx.text._ZN8touchgfx6Bitmap8setCacheEPtjj  touchgfx_core_wchar16.lib(bitmap.o)
    0x0803df30   0x0803da44   0x00000008   Data   RO         2427    .ARM.exidx.text._ZN8touchgfx6Screen14bindTransitionERNS_10TransitionE  touchgfx_core_wchar16.lib(screen.o)
    0x0803df38   0x0803da44   0x00000008   Data   RO         2454    .ARM.exidx.text._ZN8touchgfx6Screen14handleKeyEventEh  touchgfx_core_wchar16.lib(screen.o)
    0x0803df40   0x0803da44   0x00000008   Data   RO         2422    .ARM.exidx.text._ZN8touchgfx6Screen15handleDragEventERKNS_9DragEventE  touchgfx_core_wchar16.lib(screen.o)
    0x0803df48   0x0803da44   0x00000008   Data   RO         2452    .ARM.exidx.text._ZN8touchgfx6Screen15handleTickEventEv  touchgfx_core_wchar16.lib(screen.o)
    0x0803df50   0x0803da44   0x00000008   Data   RO         2419    .ARM.exidx.text._ZN8touchgfx6Screen16handleClickEventERKNS_10ClickEventE  touchgfx_core_wchar16.lib(screen.o)
    0x0803df58   0x0803da44   0x00000008   Data   RO         2425    .ARM.exidx.text._ZN8touchgfx6Screen18handleGestureEventERKNS_12GestureEventE  touchgfx_core_wchar16.lib(screen.o)
    0x0803df60   0x0803da44   0x00000008   Data   RO          924    .ARM.exidx.text._ZN8touchgfx6Screen3addERNS_8DrawableE  screencctviewbase.o
    0x0803df68   0x0803da44   0x00000008   Data   RO         2410    .ARM.exidx.text._ZN8touchgfx6Screen4drawERNS_4RectE  touchgfx_core_wchar16.lib(screen.o)
    0x0803df70   0x0803da44   0x00000008   Data   RO         2414    .ARM.exidx.text._ZN8touchgfx6Screen4drawEv  touchgfx_core_wchar16.lib(screen.o)
    0x0803df78   0x0803da44   0x00000008   Data   RO         2416    .ARM.exidx.text._ZN8touchgfx6Screen5JSMOCERKNS_4RectEPNS_8DrawableE  touchgfx_core_wchar16.lib(screen.o)
    0x0803df80   0x0803da44   0x00000008   Data   RO         2412    .ARM.exidx.text._ZN8touchgfx6Screen9startSMOCERKNS_4RectE  touchgfx_core_wchar16.lib(screen.o)
    0x0803df88   0x0803da44   0x00000008   Data   RO         2408    .ARM.exidx.text._ZN8touchgfx6ScreenC2Ev  touchgfx_core_wchar16.lib(screen.o)
    0x0803df90   0x0803da44   0x00000008   Data   RO         2444    .ARM.exidx.text._ZN8touchgfx6ScreenD0Ev  touchgfx_core_wchar16.lib(screen.o)
    0x0803df98   0x0803da44   0x00000008   Data   RO         2032    .ARM.exidx.text._ZN8touchgfx6Widget12getLastChildEssPPNS_8DrawableE  touchgfx_core_wchar16.lib(box.o)
    0x0803dfa0   0x0803da44   0x00000008   Data   RO          932    .ARM.exidx.text._ZN8touchgfx6WidgetC2Ev  screencctviewbase.o
    0x0803dfa8   0x0803da44   0x00000008   Data   RO         2198    .ARM.exidx.text._ZN8touchgfx8Drawable11setPositionEssss  touchgfx_core_wchar16.lib(drawable.o)
    0x0803dfb0   0x0803da44   0x00000008   Data   RO         2193    .ARM.exidx.text._ZN8touchgfx8Drawable12moveRelativeEss  touchgfx_core_wchar16.lib(drawable.o)
    0x0803dfb8   0x0803da44   0x00000008   Data   RO         2434    .ARM.exidx.text._ZN8touchgfx8Drawable13getCachedAbsXEv  touchgfx_core_wchar16.lib(screen.o)
    0x0803dfc0   0x0803da44   0x00000008   Data   RO         2030    .ARM.exidx.text._ZN8touchgfx8Drawable13getFirstChildEv  touchgfx_core_wchar16.lib(box.o)
    0x0803dfc8   0x0803da44   0x00000008   Data   RO         2357    .ARM.exidx.text._ZN8touchgfx8Drawable14setWidthHeightERKNS_6BitmapE  touchgfx_core_wchar16.lib(image.o)
    0x0803dfd0   0x0803da44   0x00000008   Data   RO         2204    .ARM.exidx.text._ZN8touchgfx8Drawable14setWidthHeightEss  touchgfx_core_wchar16.lib(drawable.o)
    0x0803dfd8   0x0803da44   0x00000008   Data   RO         2054    .ARM.exidx.text._ZN8touchgfx8Drawable14setupDrawChainERKNS_4RectEPPS0_  touchgfx_core_wchar16.lib(box.o)
    0x0803dfe0   0x0803da44   0x00000008   Data   RO         2048    .ARM.exidx.text._ZN8touchgfx8Drawable15handleDragEventERKNS_9DragEventE  touchgfx_core_wchar16.lib(box.o)
    0x0803dfe8   0x0803da44   0x00000008   Data   RO         2432    .ARM.exidx.text._ZN8touchgfx8Drawable20getCachedVisibleRectEv  touchgfx_core_wchar16.lib(screen.o)
    0x0803dff0   0x0803da44   0x00000008   Data   RO         2183    .ARM.exidx.text._ZN8touchgfx8Drawable20getSolidRectAbsoluteEv  touchgfx_core_wchar16.lib(drawable.o)
    0x0803dff8   0x0803da44   0x00000008   Data   RO         2034    .ARM.exidx.text._ZN8touchgfx8Drawable4setXEs  touchgfx_core_wchar16.lib(box.o)
    0x0803e000   0x0803da44   0x00000008   Data   RO         2200    .ARM.exidx.text._ZN8touchgfx8Drawable5setXYEss  touchgfx_core_wchar16.lib(drawable.o)
    0x0803e008   0x0803da44   0x00000008   Data   RO         2052    .ARM.exidx.text._ZN8touchgfx8Drawable6moveToEss  touchgfx_core_wchar16.lib(box.o)
    0x0803e010   0x0803da44   0x00000008   Data   RO         2038    .ARM.exidx.text._ZN8touchgfx8Drawable8setWidthEs  touchgfx_core_wchar16.lib(box.o)
    0x0803e018   0x0803da44   0x00000008   Data   RO         2647    .ARM.exidx.text._ZN8touchgfx8Gestures17registerDragEventEtttt  touchgfx_core_wchar16.lib(gestures.o)
    0x0803e020   0x0803da44   0x00000008   Data   RO         2650    .ARM.exidx.text._ZN8touchgfx8Gestures18registerClickEventENS_10ClickEvent14ClickEventTypeEtt  touchgfx_core_wchar16.lib(gestures.o)
    0x0803e028   0x0803da44   0x00000008   Data   RO         2642    .ARM.exidx.text._ZN8touchgfx8Gestures21registerEventListenerERNS_15UIEventListenerE  touchgfx_core_wchar16.lib(gestures.o)
    0x0803e030   0x0803da44   0x00000008   Data   RO         1468    .ARM.exidx.text._ZN8touchgfx8LCD16bpp10blitCopyL8EPKhS2_RKNS_4RectES5_h  touchgfx_core_wchar16.lib(lcd16bpp.o)
    0x0803e038   0x0803da44   0x00000008   Data   RO         1744    .ARM.exidx.text._ZN8touchgfx8LCD16bpp10div255_565Eth  touchgfx_core_wchar16.lib(lcd16bpp.o)
    0x0803e040   0x0803da44   0x00000008   Data   RO         1730    .ARM.exidx.text._ZN8touchgfx8LCD16bpp10div255_888Ejh  touchgfx_core_wchar16.lib(lcd16bpp.o)
    0x0803e048   0x0803da44   0x00000008   Data   RO         1490    .ARM.exidx.text._ZN8touchgfx8LCD16bpp10fillBufferEPhtRKNS_4RectENS_9colortypeEh  touchgfx_core_wchar16.lib(lcd16bpp.o)
    0x0803e050   0x0803da44   0x00000008   Data   RO         1466    .ARM.exidx.text._ZN8touchgfx8LCD16bpp14blitCopyRGB888EPKhRKNS_4RectES5_h  touchgfx_core_wchar16.lib(lcd16bpp.o)
    0x0803e058   0x0803da44   0x00000008   Data   RO         1686    .ARM.exidx.text._ZN8touchgfx8LCD16bpp14getNativeColorENS_9colortypeE  touchgfx_core_wchar16.lib(lcd16bpp.o)
    0x0803e060   0x0803da44   0x00000008   Data   RO         1462    .ARM.exidx.text._ZN8touchgfx8LCD16bpp16blitCopyARGB8888EPKjRKNS_4RectES5_h  touchgfx_core_wchar16.lib(lcd16bpp.o)
    0x0803e068   0x0803da44   0x00000008   Data   RO         1472    .ARM.exidx.text._ZN8touchgfx8LCD16bpp17blitCopyL8_RGB565EPKhS2_RKNS_4RectES5_h  touchgfx_core_wchar16.lib(lcd16bpp.o)
    0x0803e070   0x0803da44   0x00000008   Data   RO         1476    .ARM.exidx.text._ZN8touchgfx8LCD16bpp17blitCopyL8_RGB888EPKhS2_RKNS_4RectES5_h  touchgfx_core_wchar16.lib(lcd16bpp.o)
    0x0803e078   0x0803da44   0x00000008   Data   RO         1460    .ARM.exidx.text._ZN8touchgfx8LCD16bpp17drawPartialBitmapERKNS_6BitmapEssRKNS_4RectEhb  touchgfx_core_wchar16.lib(lcd16bpp.o)
    0x0803e080   0x0803da44   0x00000008   Data   RO         1846    .ARM.exidx.text._ZN8touchgfx8LCD16bpp18div255_565_FFcheckEth  touchgfx_core_wchar16.lib(lcd16bpp.o)
    0x0803e088   0x0803da44   0x00000008   Data   RO         1842    .ARM.exidx.text._ZN8touchgfx8LCD16bpp18div255_888_FFcheckEjh  touchgfx_core_wchar16.lib(lcd16bpp.o)
    0x0803e090   0x0803da44   0x00000008   Data   RO         1474    .ARM.exidx.text._ZN8touchgfx8LCD16bpp19blitCopyL8_ARGB8888EPKhS2_RKNS_4RectES5_h  touchgfx_core_wchar16.lib(lcd16bpp.o)
    0x0803e098   0x0803da44   0x00000008   Data   RO         1844    .ARM.exidx.text._ZN8touchgfx8LCD16bpp20bilinearInterpolate8Ehhh  touchgfx_core_wchar16.lib(lcd16bpp.o)
    0x0803e0a0   0x0803da44   0x00000008   Data   RO         1470    .ARM.exidx.text._ZN8touchgfx8LCD16bpp21blitCopyAlphaPerPixelEPKtPKhRKNS_4RectES7_h  touchgfx_core_wchar16.lib(lcd16bpp.o)
    0x0803e0a8   0x0803da44   0x00000008   Data   RO         1500    .ARM.exidx.text._ZN8touchgfx8LCD16bpp21enableTextureMapperA4Ev  touchgfx_core_wchar16.lib(lcd16bpp.o)
    0x0803e0b0   0x0803da44   0x00000008   Data   RO         1710    .ARM.exidx.text._ZN8touchgfx8LCD16bpp22bilinearInterpolate565Etttthh  touchgfx_core_wchar16.lib(lcd16bpp.o)
    0x0803e0b8   0x0803da44   0x00000008   Data   RO         1732    .ARM.exidx.text._ZN8touchgfx8LCD16bpp22bilinearInterpolate888Ejjjjhh  touchgfx_core_wchar16.lib(lcd16bpp.o)
    0x0803e0c0   0x0803da44   0x00000008   Data   RO         1486    .ARM.exidx.text._ZN8touchgfx8LCD16bpp29copyAreaFromTFTToClientBufferERKNS_4RectE  touchgfx_core_wchar16.lib(lcd16bpp.o)
    0x0803e0c8   0x0803da44   0x00000008   Data   RO         1484    .ARM.exidx.text._ZN8touchgfx8LCD16bpp29copyFrameBufferRegionToMemoryERKNS_4RectES3_Phss  touchgfx_core_wchar16.lib(lcd16bpp.o)
    0x0803e0d0   0x0803da44   0x00000008   Data   RO         1482    .ARM.exidx.text._ZN8touchgfx8LCD16bpp29copyFrameBufferRegionToMemoryERKNS_4RectES3_t  touchgfx_core_wchar16.lib(lcd16bpp.o)
    0x0803e0d8   0x0803da44   0x00000008   Data   RO         1504    .ARM.exidx.text._ZN8touchgfx8LCD16bpp30enableTextureMapperL8_ARGB8888Ev  touchgfx_core_wchar16.lib(lcd16bpp.o)
    0x0803e0e0   0x0803da44   0x00000008   Data   RO         1639    .ARM.exidx.text._ZN8touchgfx8LCD16bpp35TextureMapper_A4_NearestNeighbor_GA34drawTextureMapScanLineSubdivisionsEiiiifffiiiifffffRKNS_14DrawingSurfaceEiiRKNS_14TextureSurfaceEhfff  touchgfx_core_wchar16.lib(lcd16bpp.o)
    0x0803e0e8   0x0803da44   0x00000008   Data   RO         1836    .ARM.exidx.text._ZN8touchgfx8LCD16bpp35TextureMapper_A4_NearestNeighbor_GAD0Ev  touchgfx_core_wchar16.lib(lcd16bpp.o)
    0x0803e0f0   0x0803da44   0x00000008   Data   RO         1642    .ARM.exidx.text._ZN8touchgfx8LCD16bpp37TextureMapper_A4_NearestNeighbor_NoGA34drawTextureMapScanLineSubdivisionsEiiiifffiiiifffffRKNS_14DrawingSurfaceEiiRKNS_14TextureSurfaceEhfff  touchgfx_core_wchar16.lib(lcd16bpp.o)
    0x0803e0f8   0x0803da44   0x00000008   Data   RO         1838    .ARM.exidx.text._ZN8touchgfx8LCD16bpp37TextureMapper_A4_NearestNeighbor_NoGAD0Ev  touchgfx_core_wchar16.lib(lcd16bpp.o)
    0x0803e100   0x0803da44   0x00000008   Data   RO         1645    .ARM.exidx.text._ZN8touchgfx8LCD16bpp41TextureMapper_A4_BilinearInterpolation_GA34drawTextureMapScanLineSubdivisionsEiiiifffiiiifffffRKNS_14DrawingSurfaceEiiRKNS_14TextureSurfaceEhfff  touchgfx_core_wchar16.lib(lcd16bpp.o)
    0x0803e108   0x0803da44   0x00000008   Data   RO         1832    .ARM.exidx.text._ZN8touchgfx8LCD16bpp41TextureMapper_A4_BilinearInterpolation_GAD0Ev  touchgfx_core_wchar16.lib(lcd16bpp.o)
    0x0803e110   0x0803da44   0x00000008   Data   RO         1650    .ARM.exidx.text._ZN8touchgfx8LCD16bpp43TextureMapper_A4_BilinearInterpolation_NoGA34drawTextureMapScanLineSubdivisionsEiiiifffiiiifffffRKNS_14DrawingSurfaceEiiRKNS_14TextureSurfaceEhfff  touchgfx_core_wchar16.lib(lcd16bpp.o)
    0x0803e118   0x0803da44   0x00000008   Data   RO         1834    .ARM.exidx.text._ZN8touchgfx8LCD16bpp43TextureMapper_A4_BilinearInterpolation_NoGAD0Ev  touchgfx_core_wchar16.lib(lcd16bpp.o)
    0x0803e120   0x0803da44   0x00000008   Data   RO         1597    .ARM.exidx.text._ZN8touchgfx8LCD16bpp46TextureMapper_RGB565_Opaque_NearestNeighbor_GA34drawTextureMapScanLineSubdivisionsEiiiifffiiiifffffRKNS_14DrawingSurfaceEiiRKNS_14TextureSurfaceEhfff  touchgfx_core_wchar16.lib(lcd16bpp.o)
    0x0803e128   0x0803da44   0x00000008   Data   RO         1816    .ARM.exidx.text._ZN8touchgfx8LCD16bpp46TextureMapper_RGB565_Opaque_NearestNeighbor_GAD0Ev  touchgfx_core_wchar16.lib(lcd16bpp.o)
    0x0803e130   0x0803da44   0x00000008   Data   RO         1600    .ARM.exidx.text._ZN8touchgfx8LCD16bpp48TextureMapper_RGB565_Opaque_NearestNeighbor_NoGA34drawTextureMapScanLineSubdivisionsEiiiifffiiiifffffRKNS_14DrawingSurfaceEiiRKNS_14TextureSurfaceEhfff  touchgfx_core_wchar16.lib(lcd16bpp.o)
    0x0803e138   0x0803da44   0x00000008   Data   RO         1818    .ARM.exidx.text._ZN8touchgfx8LCD16bpp48TextureMapper_RGB565_Opaque_NearestNeighbor_NoGAD0Ev  touchgfx_core_wchar16.lib(lcd16bpp.o)
    0x0803e140   0x0803da44   0x00000008   Data   RO         1543    .ARM.exidx.text._ZN8touchgfx8LCD16bpp49TextureMapper_L8_RGB565_Opaque_NearestNeighbor_GA34drawTextureMapScanLineSubdivisionsEiiiifffiiiifffffRKNS_14DrawingSurfaceEiiRKNS_14TextureSurfaceEhfff  touchgfx_core_wchar16.lib(lcd16bpp.o)
    0x0803e148   0x0803da44   0x00000008   Data   RO         1788    .ARM.exidx.text._ZN8touchgfx8LCD16bpp49TextureMapper_L8_RGB565_Opaque_NearestNeighbor_GAD0Ev  touchgfx_core_wchar16.lib(lcd16bpp.o)
    0x0803e150   0x0803da44   0x00000008   Data   RO         1559    .ARM.exidx.text._ZN8touchgfx8LCD16bpp49TextureMapper_L8_RGB888_Opaque_NearestNeighbor_GA34drawTextureMapScanLineSubdivisionsEiiiifffiiiifffffRKNS_14DrawingSurfaceEiiRKNS_14TextureSurfaceEhfff  touchgfx_core_wchar16.lib(lcd16bpp.o)
    0x0803e158   0x0803da44   0x00000008   Data   RO         1796    .ARM.exidx.text._ZN8touchgfx8LCD16bpp49TextureMapper_L8_RGB888_Opaque_NearestNeighbor_GAD0Ev  touchgfx_core_wchar16.lib(lcd16bpp.o)
    0x0803e160   0x0803da44   0x00000008   Data   RO         1591    .ARM.exidx.text._ZN8touchgfx8LCD16bpp49TextureMapper_RGB565_NonOpaque_NearestNeighbor_GA34drawTextureMapScanLineSubdivisionsEiiiifffiiiifffffRKNS_14DrawingSurfaceEiiRKNS_14TextureSurfaceEhfff  touchgfx_core_wchar16.lib(lcd16bpp.o)
    0x0803e168   0x0803da44   0x00000008   Data   RO         1820    .ARM.exidx.text._ZN8touchgfx8LCD16bpp49TextureMapper_RGB565_NonOpaque_NearestNeighbor_GAD0Ev  touchgfx_core_wchar16.lib(lcd16bpp.o)
    0x0803e170   0x0803da44   0x00000008   Data   RO         1623    .ARM.exidx.text._ZN8touchgfx8LCD16bpp51TextureMapper_ARGB8888_NonOpaque_NearestNeighbor_GA34drawTextureMapScanLineSubdivisionsEiiiifffiiiifffffRKNS_14DrawingSurfaceEiiRKNS_14TextureSurfaceEhfff  touchgfx_core_wchar16.lib(lcd16bpp.o)
    0x0803e178   0x0803da44   0x00000008   Data   RO         1828    .ARM.exidx.text._ZN8touchgfx8LCD16bpp51TextureMapper_ARGB8888_NonOpaque_NearestNeighbor_GAD0Ev  touchgfx_core_wchar16.lib(lcd16bpp.o)
    0x0803e180   0x0803da44   0x00000008   Data   RO         1546    .ARM.exidx.text._ZN8touchgfx8LCD16bpp51TextureMapper_L8_RGB565_Opaque_NearestNeighbor_NoGA34drawTextureMapScanLineSubdivisionsEiiiifffiiiifffffRKNS_14DrawingSurfaceEiiRKNS_14TextureSurfaceEhfff  touchgfx_core_wchar16.lib(lcd16bpp.o)
    0x0803e188   0x0803da44   0x00000008   Data   RO         1790    .ARM.exidx.text._ZN8touchgfx8LCD16bpp51TextureMapper_L8_RGB565_Opaque_NearestNeighbor_NoGAD0Ev  touchgfx_core_wchar16.lib(lcd16bpp.o)
    0x0803e190   0x0803da44   0x00000008   Data   RO         1562    .ARM.exidx.text._ZN8touchgfx8LCD16bpp51TextureMapper_L8_RGB888_Opaque_NearestNeighbor_NoGA34drawTextureMapScanLineSubdivisionsEiiiifffiiiifffffRKNS_14DrawingSurfaceEiiRKNS_14TextureSurfaceEhfff  touchgfx_core_wchar16.lib(lcd16bpp.o)
    0x0803e198   0x0803da44   0x00000008   Data   RO         1798    .ARM.exidx.text._ZN8touchgfx8LCD16bpp51TextureMapper_L8_RGB888_Opaque_NearestNeighbor_NoGAD0Ev  touchgfx_core_wchar16.lib(lcd16bpp.o)
    0x0803e1a0   0x0803da44   0x00000008   Data   RO         1594    .ARM.exidx.text._ZN8touchgfx8LCD16bpp51TextureMapper_RGB565_NonOpaque_NearestNeighbor_NoGA34drawTextureMapScanLineSubdivisionsEiiiifffiiiifffffRKNS_14DrawingSurfaceEiiRKNS_14TextureSurfaceEhfff  touchgfx_core_wchar16.lib(lcd16bpp.o)
    0x0803e1a8   0x0803da44   0x00000008   Data   RO         1822    .ARM.exidx.text._ZN8touchgfx8LCD16bpp51TextureMapper_RGB565_NonOpaque_NearestNeighbor_NoGAD0Ev  touchgfx_core_wchar16.lib(lcd16bpp.o)
    0x0803e1b0   0x0803da44   0x00000008   Data   RO         1613    .ARM.exidx.text._ZN8touchgfx8LCD16bpp52TextureMapper_RGB565_Opaque_BilinearInterpolation_GA34drawTextureMapScanLineSubdivisionsEiiiifffiiiifffffRKNS_14DrawingSurfaceEiiRKNS_14TextureSurfaceEhfff  touchgfx_core_wchar16.lib(lcd16bpp.o)
    0x0803e1b8   0x0803da44   0x00000008   Data   RO         1808    .ARM.exidx.text._ZN8touchgfx8LCD16bpp52TextureMapper_RGB565_Opaque_BilinearInterpolation_GAD0Ev  touchgfx_core_wchar16.lib(lcd16bpp.o)
    0x0803e1c0   0x0803da44   0x00000008   Data   RO         1626    .ARM.exidx.text._ZN8touchgfx8LCD16bpp53TextureMapper_ARGB8888_NonOpaque_NearestNeighbor_NoGA34drawTextureMapScanLineSubdivisionsEiiiifffiiiifffffRKNS_14DrawingSurfaceEiiRKNS_14TextureSurfaceEhfff  touchgfx_core_wchar16.lib(lcd16bpp.o)
    0x0803e1c8   0x0803da44   0x00000008   Data   RO         1830    .ARM.exidx.text._ZN8touchgfx8LCD16bpp53TextureMapper_ARGB8888_NonOpaque_NearestNeighbor_NoGAD0Ev  touchgfx_core_wchar16.lib(lcd16bpp.o)
    0x0803e1d0   0x0803da44   0x00000008   Data   RO         1575    .ARM.exidx.text._ZN8touchgfx8LCD16bpp54TextureMapper_L8_ARGB8888_NonOpaque_NearestNeighbor_GA34drawTextureMapScanLineSubdivisionsEiiiifffiiiifffffRKNS_14DrawingSurfaceEiiRKNS_14TextureSurfaceEhfff  touchgfx_core_wchar16.lib(lcd16bpp.o)
    0x0803e1d8   0x0803da44   0x00000008   Data   RO         1804    .ARM.exidx.text._ZN8touchgfx8LCD16bpp54TextureMapper_L8_ARGB8888_NonOpaque_NearestNeighbor_GAD0Ev  touchgfx_core_wchar16.lib(lcd16bpp.o)
    0x0803e1e0   0x0803da44   0x00000008   Data   RO         1618    .ARM.exidx.text._ZN8touchgfx8LCD16bpp54TextureMapper_RGB565_Opaque_BilinearInterpolation_NoGA34drawTextureMapScanLineSubdivisionsEiiiifffiiiifffffRKNS_14DrawingSurfaceEiiRKNS_14TextureSurfaceEhfff  touchgfx_core_wchar16.lib(lcd16bpp.o)
    0x0803e1e8   0x0803da44   0x00000008   Data   RO         1810    .ARM.exidx.text._ZN8touchgfx8LCD16bpp54TextureMapper_RGB565_Opaque_BilinearInterpolation_NoGAD0Ev  touchgfx_core_wchar16.lib(lcd16bpp.o)
    0x0803e1f0   0x0803da44   0x00000008   Data   RO         1549    .ARM.exidx.text._ZN8touchgfx8LCD16bpp55TextureMapper_L8_RGB565_Opaque_BilinearInterpolation_GA34drawTextureMapScanLineSubdivisionsEiiiifffiiiifffffRKNS_14DrawingSurfaceEiiRKNS_14TextureSurfaceEhfff  touchgfx_core_wchar16.lib(lcd16bpp.o)
    0x0803e1f8   0x0803da44   0x00000008   Data   RO         1784    .ARM.exidx.text._ZN8touchgfx8LCD16bpp55TextureMapper_L8_RGB565_Opaque_BilinearInterpolation_GAD0Ev  touchgfx_core_wchar16.lib(lcd16bpp.o)
    0x0803e200   0x0803da44   0x00000008   Data   RO         1565    .ARM.exidx.text._ZN8touchgfx8LCD16bpp55TextureMapper_L8_RGB888_Opaque_BilinearInterpolation_GA34drawTextureMapScanLineSubdivisionsEiiiifffiiiifffffRKNS_14DrawingSurfaceEiiRKNS_14TextureSurfaceEhfff  touchgfx_core_wchar16.lib(lcd16bpp.o)
    0x0803e208   0x0803da44   0x00000008   Data   RO         1792    .ARM.exidx.text._ZN8touchgfx8LCD16bpp55TextureMapper_L8_RGB888_Opaque_BilinearInterpolation_GAD0Ev  touchgfx_core_wchar16.lib(lcd16bpp.o)
    0x0803e210   0x0803da44   0x00000008   Data   RO         1603    .ARM.exidx.text._ZN8touchgfx8LCD16bpp55TextureMapper_RGB565_NonOpaque_BilinearInterpolation_GA34drawTextureMapScanLineSubdivisionsEiiiifffiiiifffffRKNS_14DrawingSurfaceEiiRKNS_14TextureSurfaceEhfff  touchgfx_core_wchar16.lib(lcd16bpp.o)
    0x0803e218   0x0803da44   0x00000008   Data   RO         1812    .ARM.exidx.text._ZN8touchgfx8LCD16bpp55TextureMapper_RGB565_NonOpaque_BilinearInterpolation_GAD0Ev  touchgfx_core_wchar16.lib(lcd16bpp.o)
    0x0803e220   0x0803da44   0x00000008   Data   RO         1578    .ARM.exidx.text._ZN8touchgfx8LCD16bpp56TextureMapper_L8_ARGB8888_NonOpaque_NearestNeighbor_NoGA34drawTextureMapScanLineSubdivisionsEiiiifffiiiifffffRKNS_14DrawingSurfaceEiiRKNS_14TextureSurfaceEhfff  touchgfx_core_wchar16.lib(lcd16bpp.o)
    0x0803e228   0x0803da44   0x00000008   Data   RO         1806    .ARM.exidx.text._ZN8touchgfx8LCD16bpp56TextureMapper_L8_ARGB8888_NonOpaque_NearestNeighbor_NoGAD0Ev  touchgfx_core_wchar16.lib(lcd16bpp.o)
    0x0803e230   0x0803da44   0x00000008   Data   RO         1629    .ARM.exidx.text._ZN8touchgfx8LCD16bpp57TextureMapper_ARGB8888_NonOpaque_BilinearInterpolation_GA34drawTextureMapScanLineSubdivisionsEiiiifffiiiifffffRKNS_14DrawingSurfaceEiiRKNS_14TextureSurfaceEhfff  touchgfx_core_wchar16.lib(lcd16bpp.o)
    0x0803e238   0x0803da44   0x00000008   Data   RO         1824    .ARM.exidx.text._ZN8touchgfx8LCD16bpp57TextureMapper_ARGB8888_NonOpaque_BilinearInterpolation_GAD0Ev  touchgfx_core_wchar16.lib(lcd16bpp.o)
    0x0803e240   0x0803da44   0x00000008   Data   RO         1554    .ARM.exidx.text._ZN8touchgfx8LCD16bpp57TextureMapper_L8_RGB565_Opaque_BilinearInterpolation_NoGA34drawTextureMapScanLineSubdivisionsEiiiifffiiiifffffRKNS_14DrawingSurfaceEiiRKNS_14TextureSurfaceEhfff  touchgfx_core_wchar16.lib(lcd16bpp.o)
    0x0803e248   0x0803da44   0x00000008   Data   RO         1786    .ARM.exidx.text._ZN8touchgfx8LCD16bpp57TextureMapper_L8_RGB565_Opaque_BilinearInterpolation_NoGAD0Ev  touchgfx_core_wchar16.lib(lcd16bpp.o)
    0x0803e250   0x0803da44   0x00000008   Data   RO         1570    .ARM.exidx.text._ZN8touchgfx8LCD16bpp57TextureMapper_L8_RGB888_Opaque_BilinearInterpolation_NoGA34drawTextureMapScanLineSubdivisionsEiiiifffiiiifffffRKNS_14DrawingSurfaceEiiRKNS_14TextureSurfaceEhfff  touchgfx_core_wchar16.lib(lcd16bpp.o)
    0x0803e258   0x0803da44   0x00000008   Data   RO         1794    .ARM.exidx.text._ZN8touchgfx8LCD16bpp57TextureMapper_L8_RGB888_Opaque_BilinearInterpolation_NoGAD0Ev  touchgfx_core_wchar16.lib(lcd16bpp.o)
    0x0803e260   0x0803da44   0x00000008   Data   RO         1608    .ARM.exidx.text._ZN8touchgfx8LCD16bpp57TextureMapper_RGB565_NonOpaque_BilinearInterpolation_NoGA34drawTextureMapScanLineSubdivisionsEiiiifffiiiifffffRKNS_14DrawingSurfaceEiiRKNS_14TextureSurfaceEhfff  touchgfx_core_wchar16.lib(lcd16bpp.o)
    0x0803e268   0x0803da44   0x00000008   Data   RO         1814    .ARM.exidx.text._ZN8touchgfx8LCD16bpp57TextureMapper_RGB565_NonOpaque_BilinearInterpolation_NoGAD0Ev  touchgfx_core_wchar16.lib(lcd16bpp.o)
    0x0803e270   0x0803da44   0x00000008   Data   RO         1634    .ARM.exidx.text._ZN8touchgfx8LCD16bpp59TextureMapper_ARGB8888_NonOpaque_BilinearInterpolation_NoGA34drawTextureMapScanLineSubdivisionsEiiiifffiiiifffffRKNS_14DrawingSurfaceEiiRKNS_14TextureSurfaceEhfff  touchgfx_core_wchar16.lib(lcd16bpp.o)
    0x0803e278   0x0803da44   0x00000008   Data   RO         1826    .ARM.exidx.text._ZN8touchgfx8LCD16bpp59TextureMapper_ARGB8888_NonOpaque_BilinearInterpolation_NoGAD0Ev  touchgfx_core_wchar16.lib(lcd16bpp.o)
    0x0803e280   0x0803da44   0x00000008   Data   RO         1581    .ARM.exidx.text._ZN8touchgfx8LCD16bpp60TextureMapper_L8_ARGB8888_NonOpaque_BilinearInterpolation_GA34drawTextureMapScanLineSubdivisionsEiiiifffiiiifffffRKNS_14DrawingSurfaceEiiRKNS_14TextureSurfaceEhfff  touchgfx_core_wchar16.lib(lcd16bpp.o)
    0x0803e288   0x0803da44   0x00000008   Data   RO         1800    .ARM.exidx.text._ZN8touchgfx8LCD16bpp60TextureMapper_L8_ARGB8888_NonOpaque_BilinearInterpolation_GAD0Ev  touchgfx_core_wchar16.lib(lcd16bpp.o)
    0x0803e290   0x0803da44   0x00000008   Data   RO         1586    .ARM.exidx.text._ZN8touchgfx8LCD16bpp62TextureMapper_L8_ARGB8888_NonOpaque_BilinearInterpolation_NoGA34drawTextureMapScanLineSubdivisionsEiiiifffiiiifffffRKNS_14DrawingSurfaceEiiRKNS_14TextureSurfaceEhfff  touchgfx_core_wchar16.lib(lcd16bpp.o)
    0x0803e298   0x0803da44   0x00000008   Data   RO         1802    .ARM.exidx.text._ZN8touchgfx8LCD16bpp62TextureMapper_L8_ARGB8888_NonOpaque_BilinearInterpolation_NoGAD0Ev  touchgfx_core_wchar16.lib(lcd16bpp.o)
    0x0803e2a0   0x0803da44   0x00000008   Data   RO         1480    .ARM.exidx.text._ZN8touchgfx8LCD16bpp8blitCopyEPKhNS_6Bitmap12BitmapFormatERKNS_4RectES7_hb  touchgfx_core_wchar16.lib(lcd16bpp.o)
    0x0803e2a8   0x0803da44   0x00000008   Data   RO         1478    .ARM.exidx.text._ZN8touchgfx8LCD16bpp8blitCopyEPKtRKNS_4RectES5_hb  touchgfx_core_wchar16.lib(lcd16bpp.o)
    0x0803e2b0   0x0803da44   0x00000008   Data   RO         1488    .ARM.exidx.text._ZN8touchgfx8LCD16bpp8fillRectERKNS_4RectENS_9colortypeEh  touchgfx_core_wchar16.lib(lcd16bpp.o)
    0x0803e2b8   0x0803da44   0x00000008   Data   RO         1494    .ARM.exidx.text._ZN8touchgfx8LCD16bpp8nextLineEbNS_12TextRotationE  touchgfx_core_wchar16.lib(lcd16bpp.o)
    0x0803e2c0   0x0803da44   0x00000008   Data   RO         1496    .ARM.exidx.text._ZN8touchgfx8LCD16bpp9drawGlyphEPtNS_4RectEssttRKS2_PKNS_9GlyphNodeEPKhhNS_9colortypeEhhNS_12TextRotationE  touchgfx_core_wchar16.lib(lcd16bpp.o)
    0x0803e2c8   0x0803da44   0x00000008   Data   RO         1492    .ARM.exidx.text._ZN8touchgfx8LCD16bpp9nextPixelEbNS_12TextRotationE  touchgfx_core_wchar16.lib(lcd16bpp.o)
    0x0803e2d0   0x0803da44   0x00000008   Data   RO         2109    .ARM.exidx.text._ZN8touchgfx9Container12forEachChildEPNS_15GenericCallbackIRNS_8DrawableEvvEE  touchgfx_core_wchar16.lib(container.o)
    0x0803e2d8   0x0803da44   0x00000008   Data   RO         2099    .ARM.exidx.text._ZN8touchgfx9Container12getLastChildEssPPNS_8DrawableE  touchgfx_core_wchar16.lib(container.o)
    0x0803e2e0   0x0803da44   0x00000008   Data   RO         2124    .ARM.exidx.text._ZN8touchgfx9Container13getFirstChildEv  touchgfx_core_wchar16.lib(container.o)
    0x0803e2e8   0x0803da44   0x00000008   Data   RO         2113    .ARM.exidx.text._ZN8touchgfx9Container14setupDrawChainERKNS_4RectEPPNS_8DrawableE  touchgfx_core_wchar16.lib(container.o)
    0x0803e2f0   0x0803da44   0x00000008   Data   RO         2101    .ARM.exidx.text._ZN8touchgfx9Container16getLastChildNearEssPPNS_8DrawableEPsS4_  touchgfx_core_wchar16.lib(container.o)
    0x0803e2f8   0x0803da44   0x00000008   Data   RO         2107    .ARM.exidx.text._ZN8touchgfx9Container20moveChildrenRelativeEss  touchgfx_core_wchar16.lib(container.o)
    0x0803e300   0x0803da44   0x00000008   Data   RO         2089    .ARM.exidx.text._ZN8touchgfx9Container3addERNS_8DrawableE  touchgfx_core_wchar16.lib(container.o)
    0x0803e308   0x0803da44   0x00000008   Data   RO         2111    .ARM.exidx.text._ZN8touchgfx9Container6insertEPNS_8DrawableERS1_  touchgfx_core_wchar16.lib(container.o)
    0x0803e310   0x0803da44   0x00000008   Data   RO         2091    .ARM.exidx.text._ZN8touchgfx9Container6removeERNS_8DrawableE  touchgfx_core_wchar16.lib(container.o)
    0x0803e318   0x0803da44   0x00000008   Data   RO         3352    .ARM.exidx.text._ZN9libunwind12UnwindCursorINS_17LocalAddressSpaceENS_13Registers_armEE10saveVFPAsXEv  libunwind_wx.l(libunwind.cpp.o)
    0x0803e320   0x0803da44   0x00000008   Data   RO         3334    .ARM.exidx.text._ZN9libunwind12UnwindCursorINS_17LocalAddressSpaceENS_13Registers_armEE11getFloatRegEi  libunwind_wx.l(libunwind.cpp.o)
    0x0803e328   0x0803da44   0x00000008   Data   RO         3336    .ARM.exidx.text._ZN9libunwind12UnwindCursorINS_17LocalAddressSpaceENS_13Registers_armEE11setFloatRegEiy  libunwind_wx.l(libunwind.cpp.o)
    0x0803e330   0x0803da44   0x00000008   Data   RO         3344    .ARM.exidx.text._ZN9libunwind12UnwindCursorINS_17LocalAddressSpaceENS_13Registers_armEE13isSignalFrameEv  libunwind_wx.l(libunwind.cpp.o)
    0x0803e338   0x0803da44   0x00000008   Data   RO         3354    .ARM.exidx.text._ZN9libunwind12UnwindCursorINS_17LocalAddressSpaceENS_13Registers_armEE13stepWithEHABIEv  libunwind_wx.l(libunwind.cpp.o)
    0x0803e340   0x0803da44   0x00000008   Data   RO         3332    .ARM.exidx.text._ZN9libunwind12UnwindCursorINS_17LocalAddressSpaceENS_13Registers_armEE13validFloatRegEi  libunwind_wx.l(libunwind.cpp.o)
    0x0803e348   0x0803da44   0x00000008   Data   RO         3346    .ARM.exidx.text._ZN9libunwind12UnwindCursorINS_17LocalAddressSpaceENS_13Registers_armEE15getFunctionNameEPcjPj  libunwind_wx.l(libunwind.cpp.o)
    0x0803e350   0x0803da44   0x00000008   Data   RO         3350    .ARM.exidx.text._ZN9libunwind12UnwindCursorINS_17LocalAddressSpaceENS_13Registers_armEE15getRegisterNameEi  libunwind_wx.l(libunwind.cpp.o)
    0x0803e358   0x0803da44   0x00000008   Data   RO         3358    .ARM.exidx.text._ZN9libunwind12UnwindCursorINS_17LocalAddressSpaceENS_13Registers_armEE23getInfoFromEHABISectionEjRKNS_18UnwindInfoSectionsE  libunwind_wx.l(libunwind.cpp.o)
    0x0803e360   0x0803da44   0x00000008   Data   RO         3348    .ARM.exidx.text._ZN9libunwind12UnwindCursorINS_17LocalAddressSpaceENS_13Registers_armEE24setInfoBasedOnIPRegisterEb  libunwind_wx.l(libunwind.cpp.o)
    0x0803e368   0x0803da44   0x00000008   Data   RO         3338    .ARM.exidx.text._ZN9libunwind12UnwindCursorINS_17LocalAddressSpaceENS_13Registers_armEE4stepEv  libunwind_wx.l(libunwind.cpp.o)
    0x0803e370   0x0803da44   0x00000008   Data   RO         3328    .ARM.exidx.text._ZN9libunwind12UnwindCursorINS_17LocalAddressSpaceENS_13Registers_armEE6getRegEi  libunwind_wx.l(libunwind.cpp.o)
    0x0803e378   0x0803da44   0x00000008   Data   RO         3342    .ARM.exidx.text._ZN9libunwind12UnwindCursorINS_17LocalAddressSpaceENS_13Registers_armEE6jumptoEv  libunwind_wx.l(libunwind.cpp.o)
    0x0803e380   0x0803da44   0x00000008   Data   RO         3330    .ARM.exidx.text._ZN9libunwind12UnwindCursorINS_17LocalAddressSpaceENS_13Registers_armEE6setRegEij  libunwind_wx.l(libunwind.cpp.o)
    0x0803e388   0x0803da44   0x00000008   Data   RO         3340    .ARM.exidx.text._ZN9libunwind12UnwindCursorINS_17LocalAddressSpaceENS_13Registers_armEE7getInfoEP15unw_proc_info_t  libunwind_wx.l(libunwind.cpp.o)
    0x0803e390   0x0803da44   0x00000008   Data   RO         3326    .ARM.exidx.text._ZN9libunwind12UnwindCursorINS_17LocalAddressSpaceENS_13Registers_armEE8validRegEi  libunwind_wx.l(libunwind.cpp.o)
    0x0803e398   0x0803da44   0x00000008   Data   RO         3356    .ARM.exidx.text._ZN9libunwind13Registers_arm26restoreSavedFloatRegistersEv  libunwind_wx.l(libunwind.cpp.o)
    0x0803e3a0   0x0803da44   0x00000008   Data   RO         3322    .ARM.exidx.text._ZN9libunwind20AbstractUnwindCursorD2Ev  libunwind_wx.l(libunwind.cpp.o)
    0x0803e3a8   0x0803da44   0x00000008   Data   RO         3573    .ARM.exidx.text._ZNK10__cxxabiv117__class_type_info16search_above_dstEPNS_19__dynamic_cast_infoEPKvS4_ib  libcppabi_wx.l(private_typeinfo.cpp.o)
    0x0803e3b0   0x0803da44   0x00000008   Data   RO         3567    .ARM.exidx.text._ZNK10__cxxabiv117__class_type_info16search_below_dstEPNS_19__dynamic_cast_infoEPKvib  libcppabi_wx.l(private_typeinfo.cpp.o)
    0x0803e3b8   0x0803da44   0x00000008   Data   RO         3535    .ARM.exidx.text._ZNK10__cxxabiv117__class_type_info27has_unambiguous_public_baseEPNS_19__dynamic_cast_infoEPvi  libcppabi_wx.l(private_typeinfo.cpp.o)
    0x0803e3c0   0x0803da44   0x00000008   Data   RO         3531    .ARM.exidx.text._ZNK10__cxxabiv117__class_type_info9can_catchEPKNS_16__shim_type_infoERPv  libcppabi_wx.l(private_typeinfo.cpp.o)
    0x0803e3c8   0x0803da44   0x00000008   Data   RO         3571    .ARM.exidx.text._ZNK10__cxxabiv120__si_class_type_info16search_above_dstEPNS_19__dynamic_cast_infoEPKvS4_ib  libcppabi_wx.l(private_typeinfo.cpp.o)
    0x0803e3d0   0x0803da44   0x00000008   Data   RO         3537    .ARM.exidx.text._ZNK10__cxxabiv120__si_class_type_info27has_unambiguous_public_baseEPNS_19__dynamic_cast_infoEPvi  libcppabi_wx.l(private_typeinfo.cpp.o)
    0x0803e3d8   0x0803da44   0x00000008   Data   RO         2460    .ARM.exidx.text._ZNK8touchgfx10ClickEvent12getEventTypeEv  touchgfx_core_wchar16.lib(screen.o)
    0x0803e3e0   0x0803da44   0x00000008   Data   RO         2028    .ARM.exidx.text._ZNK8touchgfx3Box17invalidateContentEv  touchgfx_core_wchar16.lib(box.o)
    0x0803e3e8   0x0803da44   0x00000008   Data   RO         2021    .ARM.exidx.text._ZNK8touchgfx3Box4drawERKNS_4RectE  touchgfx_core_wchar16.lib(box.o)
    0x0803e3f0   0x0803da44   0x00000008   Data   RO         2292    .ARM.exidx.text._ZNK8touchgfx3HAL11getBitDepthENS_6Bitmap12BitmapFormatE  touchgfx_core_wchar16.lib(hal.o)
    0x0803e3f8   0x0803da44   0x00000008   Data   RO         2272    .ARM.exidx.text._ZNK8touchgfx3HAL13getDstAddressEttPt  touchgfx_core_wchar16.lib(hal.o)
    0x0803e400   0x0803da44   0x00000008   Data   RO         2264    .ARM.exidx.text._ZNK8touchgfx3HAL13getDstAddressEttPttNS_6Bitmap12BitmapFormatE  touchgfx_core_wchar16.lib(hal.o)
    0x0803e408   0x0803da44   0x00000008   Data   RO         2211    .ARM.exidx.text._ZNK8touchgfx4Font12getCharWidthEt  touchgfx_core_wchar16.lib(font.o)
    0x0803e410   0x0803da44   0x00000008   Data   RO         2082    .ARM.exidx.text._ZNK8touchgfx4Font12getGSUBTableEv  touchgfx_core_wchar16.lib(constfont.o)
    0x0803e418   0x0803da44   0x00000008   Data   RO         2217    .ARM.exidx.text._ZNK8touchgfx4Font13getFontHeightEv  touchgfx_core_wchar16.lib(font.o)
    0x0803e420   0x0803da44   0x00000008   Data   RO         2078    .ARM.exidx.text._ZNK8touchgfx4Font15getBitsPerPixelEv  touchgfx_core_wchar16.lib(constfont.o)
    0x0803e428   0x0803da44   0x00000008   Data   RO         2221    .ARM.exidx.text._ZNK8touchgfx4Font15getSpacingAboveEPKtz  touchgfx_core_wchar16.lib(font.o)
    0x0803e430   0x0803da44   0x00000008   Data   RO         2219    .ARM.exidx.text._ZNK8touchgfx4Font16getNumberOfLinesEPKtz  touchgfx_core_wchar16.lib(font.o)
    0x0803e438   0x0803da44   0x00000008   Data   RO         2207    .ARM.exidx.text._ZNK8touchgfx4Font17getStringWidthLTREhPKtSt9__va_list  touchgfx_core_wchar16.lib(font.o)
    0x0803e440   0x0803da44   0x00000008   Data   RO         2215    .ARM.exidx.text._ZNK8touchgfx4Font20getMinimumTextHeightEv  touchgfx_core_wchar16.lib(font.o)
    0x0803e448   0x0803da44   0x00000008   Data   RO         2068    .ARM.exidx.text._ZNK8touchgfx4Font8getGlyphEt  touchgfx_core_wchar16.lib(constfont.o)
    0x0803e450   0x0803da44   0x00000008   Data   RO         2076    .ARM.exidx.text._ZNK8touchgfx4Font9getHeightEv  touchgfx_core_wchar16.lib(constfont.o)
    0x0803e458   0x0803da44   0x00000008   Data   RO         1907    .ARM.exidx.text._ZNK8touchgfx4Rect8includesERKS0_  touchgfx_core_wchar16.lib(application.o)
    0x0803e460   0x0803da44   0x00000008   Data   RO         1911    .ARM.exidx.text._ZNK8touchgfx4Rect9intersectERKS0_  touchgfx_core_wchar16.lib(application.o)
    0x0803e468   0x0803da44   0x00000008   Data   RO         2118    .ARM.exidx.text._ZNK8touchgfx4Rect9intersectEss  touchgfx_core_wchar16.lib(container.o)
    0x0803e470   0x0803da44   0x00000008   Data   RO         1917    .ARM.exidx.text._ZNK8touchgfx4RectanERKS0_  touchgfx_core_wchar16.lib(application.o)
    0x0803e478   0x0803da44   0x00000008   Data   RO         2361    .ARM.exidx.text._ZNK8touchgfx5Image17invalidateContentEv  touchgfx_core_wchar16.lib(image.o)
    0x0803e480   0x0803da44   0x00000008   Data   RO         2352    .ARM.exidx.text._ZNK8touchgfx5Image4drawERKNS_4RectE  touchgfx_core_wchar16.lib(image.o)
    0x0803e488   0x0803da44   0x00000008   Data   RO         1962    .ARM.exidx.text._ZNK8touchgfx6Bitmap12getExtraDataEv  touchgfx_core_wchar16.lib(bitmap.o)
    0x0803e490   0x0803da44   0x00000008   Data   RO         2016    .ARM.exidx.text._ZNK8touchgfx6Bitmap7getRectEv  touchgfx_core_wchar16.lib(bitmap.o)
    0x0803e498   0x0803da44   0x00000008   Data   RO         1956    .ARM.exidx.text._ZNK8touchgfx6Bitmap8getWidthEv  touchgfx_core_wchar16.lib(bitmap.o)
    0x0803e4a0   0x0803da44   0x00000008   Data   RO         1960    .ARM.exidx.text._ZNK8touchgfx6Bitmap9getFormatEv  touchgfx_core_wchar16.lib(bitmap.o)
    0x0803e4a8   0x0803da44   0x00000008   Data   RO         1958    .ARM.exidx.text._ZNK8touchgfx6Bitmap9getHeightEv  touchgfx_core_wchar16.lib(bitmap.o)
    0x0803e4b0   0x0803da44   0x00000008   Data   RO         2181    .ARM.exidx.text._ZNK8touchgfx8Drawable10invalidateEv  touchgfx_core_wchar16.lib(drawable.o)
    0x0803e4b8   0x0803da44   0x00000008   Data   RO         2185    .ARM.exidx.text._ZNK8touchgfx8Drawable14getVisibleRectERNS_4RectE  touchgfx_core_wchar16.lib(drawable.o)
    0x0803e4c0   0x0803da44   0x00000008   Data   RO         2187    .ARM.exidx.text._ZNK8touchgfx8Drawable15getAbsoluteRectEv  touchgfx_core_wchar16.lib(drawable.o)
    0x0803e4c8   0x0803da44   0x00000008   Data   RO         2122    .ARM.exidx.text._ZNK8touchgfx8Drawable17invalidateContentEv  touchgfx_core_wchar16.lib(container.o)
    0x0803e4d0   0x0803da44   0x00000008   Data   RO         1776    .ARM.exidx.text._ZNK8touchgfx8LCD16bpp17framebufferFormatEv  touchgfx_core_wchar16.lib(lcd16bpp.o)
    0x0803e4d8   0x0803da44   0x00000008   Data   RO         1464    .ARM.exidx.text._ZNK8touchgfx8LCD16bpp21blitCopyARGB8888SolidEPKjRKNS_4RectES5_  touchgfx_core_wchar16.lib(lcd16bpp.o)
    0x0803e4e0   0x0803da44   0x00000008   Data   RO         1700    .ARM.exidx.text._ZNK8touchgfx8LCD16bpp28DrawTextureMapScanLineBase1627overrunCheckNearestNeighborERPtRiS4_S4_iiss  touchgfx_core_wchar16.lib(lcd16bpp.o)
    0x0803e4e8   0x0803da44   0x00000008   Data   RO         1706    .ARM.exidx.text._ZNK8touchgfx8LCD16bpp28DrawTextureMapScanLineBase1633overrunCheckBilinearInterpolationERPtRiS4_S4_iiss  touchgfx_core_wchar16.lib(lcd16bpp.o)
    0x0803e4f0   0x0803da44   0x00000008   Data   RO         1760    .ARM.exidx.text._ZNK8touchgfx8LCD16bpp35TextureMapper_A4_NearestNeighbor_GA10writePixelEPthh  touchgfx_core_wchar16.lib(lcd16bpp.o)
    0x0803e4f8   0x0803da44   0x00000008   Data   RO         1752    .ARM.exidx.text._ZNK8touchgfx8LCD16bpp51TextureMapper_ARGB8888_NonOpaque_NearestNeighbor_GA10writePixelEPtPKjsiih  touchgfx_core_wchar16.lib(lcd16bpp.o)
    0x0803e500   0x0803da44   0x00000008   Data   RO         1716    .ARM.exidx.text._ZNK8touchgfx8LCD16bpp51TextureMapper_L8_RGB888_Opaque_NearestNeighbor_NoGA10writePixelEPtPKhS4_sii  touchgfx_core_wchar16.lib(lcd16bpp.o)
    0x0803e508   0x0803da44   0x00000008   Data   RO         1748    .ARM.exidx.text._ZNK8touchgfx8LCD16bpp52TextureMapper_RGB565_Opaque_BilinearInterpolation_GA10writePixelEPtPKtsiihhh  touchgfx_core_wchar16.lib(lcd16bpp.o)
    0x0803e510   0x0803da44   0x00000008   Data   RO         1754    .ARM.exidx.text._ZNK8touchgfx8LCD16bpp53TextureMapper_ARGB8888_NonOpaque_NearestNeighbor_NoGA10writePixelEPtPKjsii  touchgfx_core_wchar16.lib(lcd16bpp.o)
    0x0803e518   0x0803da44   0x00000008   Data   RO         1750    .ARM.exidx.text._ZNK8touchgfx8LCD16bpp54TextureMapper_RGB565_Opaque_BilinearInterpolation_NoGA10writePixelEPtPKtsiihh  touchgfx_core_wchar16.lib(lcd16bpp.o)
    0x0803e520   0x0803da44   0x00000008   Data   RO         1620    .ARM.exidx.text._ZNK8touchgfx8LCD16bpp54TextureMapper_RGB565_Opaque_BilinearInterpolation_NoGA16writePixelOnEdgeEPtPKtssiihh  touchgfx_core_wchar16.lib(lcd16bpp.o)
    0x0803e528   0x0803da44   0x00000008   Data   RO         1708    .ARM.exidx.text._ZNK8touchgfx8LCD16bpp55TextureMapper_L8_RGB565_Opaque_BilinearInterpolation_GA10writePixelEPtPKhPKtsiihhh  touchgfx_core_wchar16.lib(lcd16bpp.o)
    0x0803e530   0x0803da44   0x00000008   Data   RO         1718    .ARM.exidx.text._ZNK8touchgfx8LCD16bpp55TextureMapper_L8_RGB888_Opaque_BilinearInterpolation_GA10writePixelEPtPKhS4_siihhh  touchgfx_core_wchar16.lib(lcd16bpp.o)
    0x0803e538   0x0803da44   0x00000008   Data   RO         1567    .ARM.exidx.text._ZNK8touchgfx8LCD16bpp55TextureMapper_L8_RGB888_Opaque_BilinearInterpolation_GA16writePixelOnEdgeEPtPKhS4_ssiihhh  touchgfx_core_wchar16.lib(lcd16bpp.o)
    0x0803e540   0x0803da44   0x00000008   Data   RO         1742    .ARM.exidx.text._ZNK8touchgfx8LCD16bpp55TextureMapper_RGB565_NonOpaque_BilinearInterpolation_GA10writePixelEPtPKtPKhsiihhh  touchgfx_core_wchar16.lib(lcd16bpp.o)
    0x0803e548   0x0803da44   0x00000008   Data   RO         1726    .ARM.exidx.text._ZNK8touchgfx8LCD16bpp56TextureMapper_L8_ARGB8888_NonOpaque_NearestNeighbor_NoGA10writePixelEPtPKhPKjsii  touchgfx_core_wchar16.lib(lcd16bpp.o)
    0x0803e550   0x0803da44   0x00000008   Data   RO         1756    .ARM.exidx.text._ZNK8touchgfx8LCD16bpp57TextureMapper_ARGB8888_NonOpaque_BilinearInterpolation_GA10writePixelEPtPKjsiihhh  touchgfx_core_wchar16.lib(lcd16bpp.o)
    0x0803e558   0x0803da44   0x00000008   Data   RO         1631    .ARM.exidx.text._ZNK8touchgfx8LCD16bpp57TextureMapper_ARGB8888_NonOpaque_BilinearInterpolation_GA16writePixelOnEdgeEPtPKjssiihhh  touchgfx_core_wchar16.lib(lcd16bpp.o)
    0x0803e560   0x0803da44   0x00000008   Data   RO         1712    .ARM.exidx.text._ZNK8touchgfx8LCD16bpp57TextureMapper_L8_RGB565_Opaque_BilinearInterpolation_NoGA10writePixelEPtPKhPKtsiihh  touchgfx_core_wchar16.lib(lcd16bpp.o)
    0x0803e568   0x0803da44   0x00000008   Data   RO         1556    .ARM.exidx.text._ZNK8touchgfx8LCD16bpp57TextureMapper_L8_RGB565_Opaque_BilinearInterpolation_NoGA16writePixelOnEdgeEPtPKhPKtssiihh  touchgfx_core_wchar16.lib(lcd16bpp.o)
    0x0803e570   0x0803da44   0x00000008   Data   RO         1722    .ARM.exidx.text._ZNK8touchgfx8LCD16bpp57TextureMapper_L8_RGB888_Opaque_BilinearInterpolation_NoGA10writePixelEPtPKhS4_siihh  touchgfx_core_wchar16.lib(lcd16bpp.o)
    0x0803e578   0x0803da44   0x00000008   Data   RO         1746    .ARM.exidx.text._ZNK8touchgfx8LCD16bpp57TextureMapper_RGB565_NonOpaque_BilinearInterpolation_NoGA10writePixelEPtPKhPKtsiihh  touchgfx_core_wchar16.lib(lcd16bpp.o)
    0x0803e580   0x0803da44   0x00000008   Data   RO         1758    .ARM.exidx.text._ZNK8touchgfx8LCD16bpp59TextureMapper_ARGB8888_NonOpaque_BilinearInterpolation_NoGA10writePixelEPtPKjsiihh  touchgfx_core_wchar16.lib(lcd16bpp.o)
    0x0803e588   0x0803da44   0x00000008   Data   RO         1636    .ARM.exidx.text._ZNK8touchgfx8LCD16bpp59TextureMapper_ARGB8888_NonOpaque_BilinearInterpolation_NoGA16writePixelOnEdgeEPtPKjssiihh  touchgfx_core_wchar16.lib(lcd16bpp.o)
    0x0803e590   0x0803da44   0x00000008   Data   RO         1728    .ARM.exidx.text._ZNK8touchgfx8LCD16bpp60TextureMapper_L8_ARGB8888_NonOpaque_BilinearInterpolation_GA10writePixelEPtPKhPKjsiihhh  touchgfx_core_wchar16.lib(lcd16bpp.o)
    0x0803e598   0x0803da44   0x00000008   Data   RO         1583    .ARM.exidx.text._ZNK8touchgfx8LCD16bpp60TextureMapper_L8_ARGB8888_NonOpaque_BilinearInterpolation_GA16writePixelOnEdgeEPtPKhPKjssiihhh  touchgfx_core_wchar16.lib(lcd16bpp.o)
    0x0803e5a0   0x0803da44   0x00000008   Data   RO         1734    .ARM.exidx.text._ZNK8touchgfx8LCD16bpp62TextureMapper_L8_ARGB8888_NonOpaque_BilinearInterpolation_NoGA10writePixelEPtPKhPKjsiihh  touchgfx_core_wchar16.lib(lcd16bpp.o)
    0x0803e5a8   0x0803da44   0x00000008   Data   RO         1774    .ARM.exidx.text._ZNK8touchgfx8LCD16bpp8bitDepthEv  touchgfx_core_wchar16.lib(lcd16bpp.o)
    0x0803e5b0   0x0803da44   0x00000008   Data   RO         2059    .ARM.exidx.text._ZNK8touchgfx9ConstFont8getGlyphEtRPKhRh  touchgfx_core_wchar16.lib(constfont.o)
    0x0803e5b8   0x0803da44   0x00000008   Data   RO         2103    .ARM.exidx.text._ZNK8touchgfx9Container12getSolidRectEv  touchgfx_core_wchar16.lib(container.o)
    0x0803e5c0   0x0803da44   0x00000008   Data   RO         2097    .ARM.exidx.text._ZNK8touchgfx9Container4drawERKNS_4RectE  touchgfx_core_wchar16.lib(container.o)
    0x0803e5c8   0x0803da44   0x00000008   Data   RO         2464    .ARM.exidx.text._ZNK8touchgfx9DragEvent12getEventTypeEv  touchgfx_core_wchar16.lib(screen.o)
    0x0803e5d0   0x0803da44   0x00000008   Data   RO         3202    .ARM.exidx.text._ZNKSt13bad_exception4whatEv  libcppabi_wx.l(stdlib_exception.cpp.o)
    0x0803e5d8   0x0803da44   0x00000008   Data   RO         3188    .ARM.exidx.text._ZSt11__terminatePFvvE  libcppabi_wx.l(cxa_handlers.cpp.o)
    0x0803e5e0   0x0803da44   0x00000008   Data   RO         3181    .ARM.exidx.text._ZSt12__unexpectedPFvvE  libcppabi_wx.l(cxa_handlers.cpp.o)
    0x0803e5e8   0x0803da44   0x00000008   Data   RO         3185    .ARM.exidx.text._ZSt13get_terminatev  libcppabi_wx.l(cxa_handlers.cpp.o)
    0x0803e5f0   0x0803da44   0x00000008   Data   RO         3179    .ARM.exidx.text._ZSt9terminatev  libcppabi_wx.l(cxa_handlers.cpp.o)
    0x0803e5f8   0x0803da44   0x00000008   Data   RO          592    .ARM.exidx.text._ZThn4_N18ScreenCCTPresenterD0Ev  screencctpresenter.o
    0x0803e600   0x0803da44   0x00000008   Data   RO         2808    .ARM.exidx.text._ZdlPv  libcpp_wx.l(new.cpp.o)
    0x0803e608   0x0803da44   0x00000008   Data   RO         2844    .ARM.exidx.text.__clang_call_terminate  libcpp_wx.l(new.cpp.o)
    0x0803e610   0x0803da44   0x00000008   Data   RO         3242    .ARM.exidx.text.__cxa_allocate_exception  libcppabi_wx.l(cxa_exception.cpp.o)
    0x0803e618   0x0803da44   0x00000008   Data   RO         3265    .ARM.exidx.text.__cxa_begin_catch  libcppabi_wx.l(cxa_exception.cpp.o)
    0x0803e620   0x0803da44   0x00000008   Data   RO         3260    .ARM.exidx.text.__cxa_begin_cleanup  libcppabi_wx.l(cxa_exception.cpp.o)
    0x0803e628   0x0803da44   0x00000008   Data   RO         2870    .ARM.exidx.text.__cxa_call_unexpected  libcppabi_wx.l(cxa_personality.cpp.o)
    0x0803e630   0x0803da44   0x00000008   Data   RO         3270    .ARM.exidx.text.__cxa_decrement_exception_refcount  libcppabi_wx.l(cxa_exception.cpp.o)
    0x0803e638   0x0803da44   0x00000008   Data   RO         3267    .ARM.exidx.text.__cxa_end_catch  libcppabi_wx.l(cxa_exception.cpp.o)
    0x0803e640   0x0803da44   0x00000008   Data   RO         3262    .ARM.exidx.text.__cxa_end_cleanup_impl  libcppabi_wx.l(cxa_exception.cpp.o)
    0x0803e648   0x0803da44   0x00000008   Data   RO         3169    .ARM.exidx.text.__cxa_get_globals  libcppabi_wx.l(cxa_exception_storage.cpp.o)
    0x0803e650   0x0803da44   0x00000008   Data   RO         2855    .ARM.exidx.text.__cxa_pure_virtual  libcppabi_wx.l(cxa_virtual.cpp.o)
    0x0803e658   0x0803da44   0x00000008   Data   RO         3274    .ARM.exidx.text.__cxa_rethrow  libcppabi_wx.l(cxa_exception.cpp.o)
    0x0803e660   0x0803da44   0x00000008   Data   RO         3251    .ARM.exidx.text.__cxa_throw  libcppabi_wx.l(cxa_exception.cpp.o)
    0x0803e668   0x0803da44   0x00000008   Data   RO         3553    .ARM.exidx.text.__dynamic_cast  libcppabi_wx.l(private_typeinfo.cpp.o)
    0x0803e670   0x0803da44   0x00000008   Data   RO         2914    .ARM.exidx.text.__gnu_unwind_frame  libunwind_wx.l(Unwind-EHABI.cpp.o)
    0x0803e678   0x0803da44   0x00000008   Data   RO         2861    .ARM.exidx.text.__gxx_personality_v0  libcppabi_wx.l(cxa_personality.cpp.o)
    0x0803e680   0x0803da44   0x00000008   Data   RO         3298    .ARM.exidx.text.__unw_get_fpreg  libunwind_wx.l(libunwind.cpp.o)
    0x0803e688   0x0803da44   0x00000008   Data   RO         3304    .ARM.exidx.text.__unw_get_proc_info  libunwind_wx.l(libunwind.cpp.o)
    0x0803e690   0x0803da44   0x00000008   Data   RO         3294    .ARM.exidx.text.__unw_get_reg  libunwind_wx.l(libunwind.cpp.o)
    0x0803e698   0x0803da44   0x00000008   Data   RO         3292    .ARM.exidx.text.__unw_init_local  libunwind_wx.l(libunwind.cpp.o)
    0x0803e6a0   0x0803da44   0x00000008   Data   RO         3306    .ARM.exidx.text.__unw_resume  libunwind_wx.l(libunwind.cpp.o)
    0x0803e6a8   0x0803da44   0x00000008   Data   RO         3316    .ARM.exidx.text.__unw_save_vfp_as_X  libunwind_wx.l(libunwind.cpp.o)
    0x0803e6b0   0x0803da44   0x00000008   Data   RO         3300    .ARM.exidx.text.__unw_set_fpreg  libunwind_wx.l(libunwind.cpp.o)
    0x0803e6b8   0x0803da44   0x00000008   Data   RO         3296    .ARM.exidx.text.__unw_set_reg  libunwind_wx.l(libunwind.cpp.o)
    0x0803e6c0   0x0803da44   0x00000008   Data   RO         3302    .ARM.exidx.text.__unw_step  libunwind_wx.l(libunwind.cpp.o)
    0x0803e6c8   0x0803da44   0x00000008   Data   RO         3230    .ARM.exidx.text.abort_message  libcppabi_wx.l(abort_message.cpp.o)
    0x0803e6d0   0x0803da44   0x00000008   Data   RO         2878    .ARM.exidx.text.decode_eht_entry  libunwind_wx.l(Unwind-EHABI.cpp.o)
    0x0803e6d8   0x0803da44   0x00000008   Data   RO         2847    .ARM.exidx.text.unlikely.__cxa_guard_acquire  libcppabi_wx.l(cxa_guard.cpp.o)
    0x0803e6e0   0x0803da44   0x00000008   Data   RO         2849    .ARM.exidx.text.unlikely.__cxa_guard_release  libcppabi_wx.l(cxa_guard.cpp.o)


    Execution Region RW_IRAM2 (Exec base: 0x10000000, Load base: 0x0803e7c0, Size: 0x00002100, Max: 0x00010000, ABSOLUTE)

    Exec Addr    Load Addr    Size         Type   Attr      Idx    E Section Name        Object

    0x10000000   0x0803e7c0   0x00000004   Data   RW         3109    .data               c_w.l(stdio_streams.o)
    0x10000004   0x0803e7c4   0x00000008   Data   RW          172    .data.UART3_Frame   usart.o
    0x1000000c   0x0803e7cc   0x00000004   Data   RW         1228    .data._ZL12fontProvider  touchgfxconfiguration.o
    0x10000010   0x0803e7d0   0x00000004   Data   RW         3473    .data.__cxa_terminate_handler  libcppabi_wx.l(cxa_default_handlers.cpp.o)
    0x10000014   0x0803e7d4   0x00000014   Data   RW           28    .data.box_Parament  system_data.o
    0x10000028   0x0803e7e8   0x00000001   Data   RW          334    .data.uwTickFreq    stm32f4xx_hal.o
    0x10000029   0x0803e7e9   0x00000003   PAD
    0x1000002c   0x0803e7ec   0x00000004   Data   RW          522    .data.uxCriticalNesting  port.o
    0x10000030   0x0803e7f0   0x00000010   PAD
    0x10000040        -       0x00000054   Zero   RW         3105    .bss                c_w.l(stdio_streams.o)
    0x10000094        -       0x00000054   Zero   RW         3107    .bss                c_w.l(stdio_streams.o)
    0x100000e8        -       0x00000060   Zero   RW         3372    .bss                c_w.l(libspace.o)
    0x10000148   0x0803e7f0   0x00000008   PAD
    0x10000150        -       0x00000070   Zero   RW         1684    .bss..L_MergedGlobals.20  touchgfx_core_wchar16.lib(lcd16bpp.o)
    0x100001c0        -       0x00000008   Zero   RW          107    .bss.CanRxData      can.o
    0x100001c8        -       0x00000001   Zero   RW          243    .bss.EC11_1_knob_State  control_box.o
    0x100001c9   0x0803e7f0   0x00000003   PAD
    0x100001cc        -       0x00000004   Zero   RW          133    .bss.FSMC_Initialized  fsmc.o
    0x100001d0        -       0x00000004   Zero   RW          492    .bss.KernelState    cmsis_os2.o
    0x100001d4        -       0x00000004   Zero   RW         1017    .bss._ZGVZ23getFont_simfang_25_4bppvE15simfang_25_4bpp  table_simfang_25_4bpp.o
    0x100001d8        -       0x00000004   Zero   RW         1400    .bss._ZL11vsync_queue  oswrappers.o
    0x100001dc        -       0x00000004   Zero   RW         1040    .bss._ZL14languagesArray  texts.o
    0x100001e0        -       0x00000004   Zero   RW         1042    .bss._ZL22currentLanguageIndices  texts.o
    0x100001e4        -       0x00000004   Zero   RW         1136    .bss._ZL3knc        touchgfxhal.o
    0x100001e8        -       0x00000001   Zero   RW         1230    .bss._ZL5texts      touchgfxconfiguration.o
    0x100001e9   0x0803e7f0   0x00000003   PAD
    0x100001ec        -       0x00000078   Zero   RW         1227    .bss._ZL7display    touchgfxconfiguration.o
    0x10000264        -       0x0000000c   Zero   RW         3172    .bss._ZN10__cxxabiv1L10eh_globalsE  libcppabi_wx.l(cxa_exception_storage.cpp.o)
    0x10000270        -       0x00000004   Zero   RW         3490    .bss._ZN12_GLOBAL__N_18freelistE  libcppabi_wx.l(fallback_malloc.cpp.o)
    0x10000274        -       0x0000002c   Zero   RW         2674    .bss._ZN8touchgfx16TouchCalibration6matrixE  touchgfx_core_wchar16.lib(touchcalibration.o)
    0x100002a0        -       0x00000001   Zero   RW         2308    .bss._ZN8touchgfx3HAL20USE_DOUBLE_BUFFERINGE  touchgfx_core_wchar16.lib(hal.o)
    0x100002a1   0x0803e7f0   0x00000003   PAD
    0x100002a4        -       0x00000004   Zero   RW         2307    .bss._ZN8touchgfx3HAL8instanceE  touchgfx_core_wchar16.lib(hal.o)
    0x100002a8        -       0x00000002   Zero   RW         1039    .bss._ZN8touchgfx5Texts15currentLanguageE  texts.o
    0x100002aa   0x0803e7f0   0x00000002   PAD
    0x100002ac        -       0x00000004   Zero   RW         1343    .bss._ZN8touchgfx5paint12_GLOBAL__N_111blendL8CLUTE  touchgfxgeneratedhal.o
    0x100002b0        -       0x00000004   Zero   RW         2553    .bss._ZN8touchgfx9TypedText10typedTextsE  touchgfx_core_wchar16.lib(typedtext.o)
    0x100002b4        -       0x00000004   Zero   RW         2555    .bss._ZN8touchgfx9TypedText5fontsE  touchgfx_core_wchar16.lib(typedtext.o)
    0x100002b8        -       0x0000002c   Zero   RW         1016    .bss._ZZ23getFont_simfang_25_4bppvE15simfang_25_4bpp  table_simfang_25_4bpp.o
    0x100002e4        -       0x00000001   Zero   RW         2310    .bss._ZZN8touchgfx3HAL4tickEvE12touchTickCnt  touchgfx_core_wchar16.lib(hal.o)
    0x100002e5   0x0803e7f0   0x00000003   PAD
    0x100002e8        -       0x00000004   Zero   RW           87    .bss.canTaskHandle  freertos.o
    0x100002ec        -       0x00000004   Zero   RW           85    .bss.defaultTaskHandle  freertos.o
    0x100002f0        -       0x00000004   Zero   RW         1138    .bss.dest_test      touchgfxhal.o
    0x100002f4        -       0x00000028   Zero   RW          108    .bss.hcan1          can.o
    0x1000031c        -       0x00000010   Zero   RW          142    .bss.hrng           rng.o
    0x1000032c        -       0x00000050   Zero   RW          132    .bss.hsram2         fsmc.o
    0x1000037c        -       0x00000048   Zero   RW          158    .bss.htim2          tim.o
    0x100003c4        -       0x00000048   Zero   RW          160    .bss.htim4          tim.o
    0x1000040c        -       0x00000044   Zero   RW          168    .bss.huart3         usart.o
    0x10000450        -       0x00000004   Zero   RW          245    .bss.key_Parament   control_box.o
    0x10000454        -       0x00000004   Zero   RW           91    .bss.lcdTransferTaskHandle  freertos.o
    0x10000458        -       0x00000006   Zero   RW          211    .bss.lcddev         tft_lcd.o
    0x1000045e   0x0803e7f0   0x00000002   PAD
    0x10000460        -       0x00000004   Zero   RW           89    .bss.menuTaskHandle  freertos.o
    0x10000464   0x0803e7f0   0x0000001c   PAD
    0x10000480        -       0x000004a4   Zero   RW         1416    .bss.noinit         eventrecorder.o
    0x10000924        -       0x000000a0   Zero   RW          484    .bss.prvCheckForValidListAndQueue.ucStaticTimerQueueStorage  timers.o
    0x100009c4        -       0x00000004   Zero   RW          446    .bss.pxCurrentTCB   tasks.o
    0x100009c8        -       0x00000004   Zero   RW          455    .bss.pxOverflowDelayedTaskList  tasks.o
    0x100009cc        -       0x00000004   Zero   RW          479    .bss.pxOverflowTimerList  timers.o
    0x100009d0        -       0x00000008   Zero   RW         1431    .bss.stdout_putchar.buffer  retarget_io.o
    0x100009d8        -       0x00000004   Zero   RW         1430    .bss.stdout_putchar.index  retarget_io.o
    0x100009dc        -       0x00000004   Zero   RW           93    .bss.testTaskHandle  freertos.o
    0x100009e0        -       0x00000004   Zero   RW          335    .bss.uwTick         stm32f4xx_hal.o
    0x100009e4        -       0x00000004   Zero   RW          449    .bss.uxDeletedTasksWaitingCleanUp  tasks.o
    0x100009e8        -       0x00000200   Zero   RW          495    .bss.vApplicationGetIdleTaskMemory.Idle_Stack  cmsis_os2.o
    0x10000be8        -       0x00000060   Zero   RW          494    .bss.vApplicationGetIdleTaskMemory.Idle_TCB  cmsis_os2.o
    0x10000c48        -       0x00000400   Zero   RW          497    .bss.vApplicationGetTimerTaskMemory.Timer_Stack  cmsis_os2.o
    0x10001048        -       0x00000014   Zero   RW          482    .bss.xActiveTimerList2  timers.o
    0x1000105c        -       0x00000004   Zero   RW          506    .bss.xBlockAllocatedBit  heap_4.o
    0x10001060        -       0x00000014   Zero   RW          467    .bss.xDelayedTaskList2  tasks.o
    0x10001074        -       0x00000004   Zero   RW          461    .bss.xIdleTaskHandle  tasks.o
    0x10001078        -       0x00000004   Zero   RW          509    .bss.xMinimumEverFreeBytesRemaining  heap_4.o
    0x1000107c        -       0x00000004   Zero   RW          465    .bss.xNumOfOverflows  tasks.o
    0x10001080        -       0x00000004   Zero   RW          511    .bss.xNumberOfSuccessfulFrees  heap_4.o
    0x10001084        -       0x00000014   Zero   RW          459    .bss.xPendingReadyList  tasks.o
    0x10001098        -       0x00000004   Zero   RW           83    .bss.xQueueLCDHandle  freertos.o
    0x1000109c        -       0x00000040   Zero   RW          431    .bss.xQueueRegistry  queue.o
    0x100010dc        -       0x00000004   Zero   RW          451    .bss.xSchedulerRunning  tasks.o
    0x100010e0        -       0x00000014   Zero   RW          448    .bss.xTasksWaitingTermination  tasks.o
    0x100010f4        -       0x00000004   Zero   RW          453    .bss.xTickCount     tasks.o
    0x100010f8        -       0x00000004   Zero   RW          477    .bss.xTimerTaskHandle  timers.o
    0x100010fc        -       0x00000004   Zero   RW          463    .bss.xYieldPending  tasks.o
    0x10001100        -       0x00001000   Zero   RW            1    STACK               startup_stm32f407xx.o


    Execution Region RW_IRAM1 (Exec base: 0x20000000, Load base: 0x0803e6f0, Size: 0x000120e8, Max: 0x00020000, ABSOLUTE, COMPRESSED[0x000000a0])

    Exec Addr    Load Addr    Size         Type   Attr      Idx    E Section Name        Object

    0x20000000   COMPRESSED   0x00000200   Data   RW          169    .IRAM1              usart.o
    0x20000200   COMPRESSED   0x00000004   Data   RW         3108    .data               c_w.l(stdio_streams.o)
    0x20000204   COMPRESSED   0x00000004   Data   RW         3110    .data               c_w.l(stdio_streams.o)
    0x20000208   COMPRESSED   0x00000008   PAD
    0x20000210   COMPRESSED   0x00000070   Data   RW         1683    .data..L_MergedGlobals  touchgfx_core_wchar16.lib(lcd16bpp.o)
    0x20000280   COMPRESSED   0x00000014   Data   RW         1905    .data..L_MergedGlobals  touchgfx_core_wchar16.lib(application.o)
    0x20000294   COMPRESSED   0x00000004   Data   RW          406    .data.SystemCoreClock  system_stm32f4xx.o
    0x20000298   COMPRESSED   0x00000004   Data   RW         1401    .data._ZL5dummy     oswrappers.o
    0x2000029c   COMPRESSED   0x00000004   Data   RW         3474    .data.__cxa_unexpected_handler  libcppabi_wx.l(cxa_default_handlers.cpp.o)
    0x200002a0   COMPRESSED   0x00000030   Data   RW           29    .data.sys_Parament  system_data.o
    0x200002d0   COMPRESSED   0x00000004   Data   RW          333    .data.uwTickPrio    stm32f4xx_hal.o
    0x200002d4   COMPRESSED   0x0000000c   PAD
    0x200002e0        -       0x00000054   Zero   RW         3106    .bss                c_w.l(stdio_streams.o)
    0x20000334   COMPRESSED   0x0000000c   PAD
    0x20000340        -       0x00000024   Zero   RW         2014    .bss..L_MergedGlobals  touchgfx_core_wchar16.lib(bitmap.o)
    0x20000364        -       0x0000000a   Zero   RW         2313    .bss..L_MergedGlobals  touchgfx_core_wchar16.lib(hal.o)
    0x2000036e        -       0x00000001   Zero   RW          244    .bss.EC11_2_knob_State  control_box.o
    0x2000036f   COMPRESSED   0x00000001   PAD
    0x20000370        -       0x00000004   Zero   RW          134    .bss.FSMC_DeInitialized  fsmc.o
    0x20000374        -       0x00000004   Zero   RW           90    .bss.GUI_TaskHandle  freertos.o
    0x20000378        -       0x00000002   Zero   RW          171    .bss.HAL_UARTEx_RxEventCallback.frame_Length_Last  usart.o
    0x2000037a        -       0x00000001   Zero   RW         1418    .bss.TS_OverflowLock  eventrecorder.o
    0x2000037b   COMPRESSED   0x00000001   PAD
    0x2000037c        -       0x00000004   Zero   RW         1005    .bss._ZGVZ23getFont_simfang_17_4bppvE15simfang_17_4bpp  table_simfang_17_4bpp.o
    0x20000380        -       0x00000004   Zero   RW         1029    .bss._ZGVZ23getFont_simfang_40_4bppvE15simfang_40_4bpp  table_simfang_40_4bpp.o
    0x20000384        -       0x00000004   Zero   RW         1334    .bss._ZGVZN12FrontendHeap11getInstanceEvE8instance  touchgfxconfiguration.o
    0x20000388        -       0x00000004   Zero   RW         1398    .bss._ZL16frame_buffer_sem  oswrappers.o
    0x2000038c        -       0x00000004   Zero   RW         1041    .bss._ZL18currentLanguagePtr  texts.o
    0x20000390        -       0x00000004   Zero   RW         1135    .bss._ZL2kc         touchgfxhal.o
    0x20000394        -       0x00000004   Zero   RW         1225    .bss._ZL2tc         touchgfxconfiguration.o
    0x20000398        -       0x00000044   Zero   RW         1226    .bss._ZL3dma        touchgfxconfiguration.o
    0x200003dc        -       0x0000007c   Zero   RW         1229    .bss._ZL3hal        touchgfxconfiguration.o
    0x20000458        -       0x00000200   Zero   RW         3491    .bss._ZN12_GLOBAL__N_14heapE  libcppabi_wx.l(fallback_malloc.cpp.o)
    0x20000658        -       0x00000008   Zero   RW         1902    .bss._ZN8touchgfx11Application22debugRegionInvalidRectE  touchgfx_core_wchar16.lib(application.o)
    0x20000660        -       0x00000004   Zero   RW         2229    .bss._ZN8touchgfx11FontManager8providerE  touchgfx_core_wchar16.lib(fontmanager.o)
    0x20000664        -       0x00000001   Zero   RW         2309    .bss._ZN8touchgfx3HAL9isDrawingE  touchgfx_core_wchar16.lib(hal.o)
    0x20000665   COMPRESSED   0x00000003   PAD
    0x20000668        -       0x00000004   Zero   RW         2395    .bss._ZN8touchgfx3LCD12defaultColorE  touchgfx_core_wchar16.lib(lcd.o)
    0x2000066c        -       0x00000002   Zero   RW         2556    .bss._ZN8touchgfx9TypedText18numberOfTypedTextsE  touchgfx_core_wchar16.lib(typedtext.o)
    0x2000066e   COMPRESSED   0x00000002   PAD
    0x20000670        -       0x00000004   Zero   RW         2554    .bss._ZN8touchgfx9TypedText5textsE  touchgfx_core_wchar16.lib(typedtext.o)
    0x20000674        -       0x00000001   Zero   RW         3317    .bss._ZN9libunwind17LocalAddressSpace17sThisAddressSpaceE  libunwind_wx.l(libunwind.cpp.o)
    0x20000675   COMPRESSED   0x00000003   PAD
    0x20000678        -       0x0000002c   Zero   RW         1004    .bss._ZZ23getFont_simfang_17_4bppvE15simfang_17_4bpp  table_simfang_17_4bpp.o
    0x200006a4        -       0x0000002c   Zero   RW         1028    .bss._ZZ23getFont_simfang_40_4bppvE15simfang_40_4bpp  table_simfang_40_4bpp.o
    0x200006d0        -       0x00000298   Zero   RW         1333    .bss._ZZN12FrontendHeap11getInstanceEvE8instance  touchgfxconfiguration.o
    0x20000968        -       0x00000004   Zero   RW           84    .bss.boxInputQueueHandle  freertos.o
    0x2000096c        -       0x00000004   Zero   RW           86    .bss.cctTaskHandle  freertos.o
    0x20000970        -       0x00000008   Zero   RW          116    .bss.hcrc           crc.o
    0x20000978        -       0x00000060   Zero   RW          170    .bss.hdma_usart3_rx  usart.o
    0x200009d8        -       0x00000058   Zero   RW          150    .bss.hspi2          spi.o
    0x20000a30        -       0x00000050   Zero   RW          131    .bss.hsram1         fsmc.o
    0x20000a80        -       0x00000048   Zero   RW          194    .bss.htim14         stm32f4xx_hal_timebase_tim.o
    0x20000ac8        -       0x00000048   Zero   RW          159    .bss.htim3          tim.o
    0x20000b10        -       0x00000004   Zero   RW           92    .bss.inputTaskHandle  freertos.o
    0x20000b14        -       0x00000004   Zero   RW           88    .bss.lightEffectTaskHandle  freertos.o
    0x20000b18        -       0x00000050   Zero   RW          483    .bss.prvCheckForValidListAndQueue.xStaticTimerQueue  timers.o
    0x20000b68        -       0x00000004   Zero   RW          480    .bss.prvSampleTimeNow.xLastTime  timers.o
    0x20000b6c        -       0x00000004   Zero   RW          478    .bss.pxCurrentTimerList  timers.o
    0x20000b70        -       0x00000004   Zero   RW          454    .bss.pxDelayedTaskList  tasks.o
    0x20000b74        -       0x00000004   Zero   RW          505    .bss.pxEnd          heap_4.o
    0x20000b78        -       0x00000460   Zero   RW          457    .bss.pxReadyTasksLists  tasks.o
    0x20000fd8        -       0x00000004   Zero   RW           82    .bss.sysDataQueue_AppHandle  freertos.o
    0x20000fdc        -       0x00000028   Zero   RW           95    .bss.test_info      freertos.o
    0x20001004        -       0x00000004   Zero   RW         1137    .bss.text_i         touchgfxhal.o
    0x20001008        -       0x0000000c   Zero   RW         1072    .bss.touchgfx_fonts  typedtextdatabase.o
    0x20001014        -       0x0000ffff   Zero   RW          512    .bss.ucHeap         heap_4.o
    0x20011013        -       0x00000001   Zero   RW          520    .bss.ucMaxSysCallPriority  port.o
    0x20011014        -       0x00000004   Zero   RW          521    .bss.ulMaxPRIGROUPValue  port.o
    0x20011018        -       0x00000004   Zero   RW          450    .bss.uxCurrentNumberOfTasks  tasks.o
    0x2001101c        -       0x00000004   Zero   RW          452    .bss.uxSchedulerSuspended  tasks.o
    0x20011020        -       0x00000004   Zero   RW          447    .bss.uxTaskNumber   tasks.o
    0x20011024        -       0x00000004   Zero   RW          458    .bss.uxTopReadyPriority  tasks.o
    0x20011028        -       0x00000060   Zero   RW          496    .bss.vApplicationGetTimerTaskMemory.Timer_TCB  cmsis_os2.o
    0x20011088        -       0x00000004   Zero   RW           94    .bss.wirelessTaskHandle  freertos.o
    0x2001108c        -       0x00000014   Zero   RW          481    .bss.xActiveTimerList1  timers.o
    0x200110a0        -       0x00000014   Zero   RW          466    .bss.xDelayedTaskList1  tasks.o
    0x200110b4        -       0x00000004   Zero   RW          507    .bss.xFreeBytesRemaining  heap_4.o
    0x200110b8        -       0x00000004   Zero   RW          462    .bss.xNextTaskUnblockTime  tasks.o
    0x200110bc        -       0x00000004   Zero   RW          510    .bss.xNumberOfSuccessfulAllocations  heap_4.o
    0x200110c0        -       0x00000004   Zero   RW          464    .bss.xPendedTicks   tasks.o
    0x200110c4        -       0x00000008   Zero   RW          508    .bss.xStart         heap_4.o
    0x200110cc        -       0x00000014   Zero   RW          456    .bss.xSuspendedTaskList  tasks.o
    0x200110e0        -       0x00000004   Zero   RW          475    .bss.xTimerQueue    timers.o
    0x200110e4   COMPRESSED   0x00000004   PAD
    0x200110e8        -       0x00001000   Zero   RW            2    HEAP                startup_stm32f407xx.o


    Execution Region RW_RAM3 (Exec base: 0x60000000, Load base: 0x0803e800, Size: 0x00000000, Max: 0x00100000, ABSOLUTE)

    **** No section assigned to this execution region ****



  Load Region LR_ROM1 (Base: 0x90000000, Size: 0x0007ff80, Max: 0x01000000, ABSOLUTE)

    Execution Region ER_ROM1 (Exec base: 0x90000000, Load base: 0x90000000, Size: 0x0007ff80, Max: 0x01000000, ABSOLUTE)

    Exec Addr    Load Addr    Size         Type   Attr      Idx    E Section Name        Object

    0x90000000   0x90000000   0x0003fc00   Data   RO          859    ExtFlashSection     image_alternate_theme_images_backgrounds_480x272_puzzle.o
    0x9003fc00   0x9003fc00   0x00007f80   Data   RO          865    ExtFlashSection     image_alternate_theme_images_bars_480x272_top_action.o
    0x90047b80   0x90047b80   0x00038400   Data   RO          871    ExtFlashSection     image_alternate_theme_images_previews_preview13.o


==============================================================================

Image component sizes


      Code (inc. data)   RO Data    RW Data    ZI Data      Debug   Object Name

       180          0          0          0          0        945   algorithm_library.o
        38          0          0          0          0        708   app_touchgfx.o
       136          0         20          0          0       3108   applicationfontprovider.o
        16          0         60          0          0       2687   bitmapdatabase.o
        40          0          0          0          0      11095   cachedfont.o
      1496         20          0          0         48       8763   can.o
       304          0        616          0          0       1847   cct.o
      8706          6         17          0       1732      33090   cmsis_os2.o
       656          0          0          0          6       5142   control_box.o
       144          0          0          0          8       2497   crc.o
       108          0          0          0          0       3626   dma.o
         4          0          0          0          0        545   esp32c3.o
      1748          0          0          0          0       7268   event_groups.o
      2584          0         24          0       1189       8245   eventrecorder.o
         0          0        518          0          0       1611   font_simfang_17_4bpp_0.o
         0          0        944          0          0       1611   font_simfang_25_4bpp_0.o
         0          0       2526          0          0       1611   font_simfang_40_4bpp_0.o
      1524          0        649          0         92       7419   freertos.o
       308          0         76          0          0       8905   frontendapplication.o
      1502          0        840          0          0      18157   frontendapplicationbase.o
       678          0          0          0        168       5429   fsmc.o
       488          0         96          0          0      10241   generatedfont.o
       534          0          0          0          0       4215   gpio.o
      1322          0          0          0      65567       4301   heap_4.o
         0          0     261120          0          0        661   image_alternate_theme_images_backgrounds_480x272_puzzle.o
         0          0      32640          0          0        650   image_alternate_theme_images_bars_480x272_top_action.o
         0          0     230400          0          0        637   image_alternate_theme_images_previews_preview13.o
         0          0          4          0          0       4531   kerning_simfang_17_4bpp.o
         0          0          4          0          0       4531   kerning_simfang_25_4bpp.o
         0          0          4          0          0       4531   kerning_simfang_40_4bpp.o
       178          0         28          0          0       7283   keycontroller.o
       236          0         28          0          0       7448   knobcontroller.o
         0          0          4          0          0       1695   languagegb.o
       736         32          0          0          0       2034   light_effect.o
       304          0          0          0          0       2159   list.o
       508          0          0          0          0       6123   main.o
        24          0          0          0          0        899   model.o
       364          0        183          4          8       4018   oswrappers.o
      1196         16          0          4          5       3609   port.o
      5832          0          0          0         64      16545   queue.o
       768          0         46          0         12       2535   retarget_io.o
       178          0          0          0         16       2584   rng.o
       288          0         88          0          0       8175   screencctpresenter.o
       118          0         56          0          0       7344   screencctview.o
       880          0        236          0          0      27893   screencctviewbase.o
       388          0          0          0         88       4905   spi.o
        64         26        392          0       8192        888   startup_stm32f407xx.o
       248          0        165          0          0       7525   stm32dma.o
       772          0          0          5          4       6577   stm32f4xx_hal.o
      4398          0          0          0          0      10625   stm32f4xx_hal_can.o
      1450          0          0          0          0       8877   stm32f4xx_hal_cortex.o
       364          0          0          0          0       2623   stm32f4xx_hal_crc.o
      3332         22          8          0          0       8217   stm32f4xx_hal_dma.o
      1790          0          0          0          0       4981   stm32f4xx_hal_gpio.o
       108          0          0          0          0       3409   stm32f4xx_hal_msp.o
      3342          0          0          0          0       7337   stm32f4xx_hal_rcc.o
       868          0          0          0          0       3582   stm32f4xx_hal_rng.o
      9726          0          0          0          0      18601   stm32f4xx_hal_spi.o
      2082          0          0          0          0       7968   stm32f4xx_hal_sram.o
     25162        224          0          0          0      33344   stm32f4xx_hal_tim.o
      9618          0          0          0          0      14425   stm32f4xx_hal_tim_ex.o
       280          0          0          0         72       7097   stm32f4xx_hal_timebase_tim.o
     10018          0          0          0          0      18916   stm32f4xx_hal_uart.o
       316          0          0          0          0       4635   stm32f4xx_it.o
      1420          0          0          0          0       5681   stm32f4xx_ll_fsmc.o
        78          0         24          0          0       2800   stm32touchcontroller.o
       108          0          0         68          0       2472   system_data.o
       322          0         24          4          0       2538   system_stm32f4xx.o
       170          0        172          0         48       6181   table_simfang_17_4bpp.o
       170          0        172          0         48       6181   table_simfang_25_4bpp.o
       170          0        172          0         48       6181   table_simfang_40_4bpp.o
     10278         12          5          0       1280      23780   tasks.o
       660          0         14          0         14      13950   texts.o
      6112          4      15912          0          6      11021   tft_lcd.o
      1038          0          0          0        216       8991   tim.o
      2778         10         13          0        300      11055   timers.o
      2008          0        248          4        985      40309   touchgfxconfiguration.o
      1824          0        216          0          4      20203   touchgfxgeneratedhal.o
       182         16          0          0          0       2971   touchgfxgpio.o
       826          0        256          0         16      12749   touchgfxhal.o
       224          0         12          0         12       3442   typedtextdatabase.o
       782          0          0        520        166       7601   usart.o
      1304          0          0          0          0       3228   w25qx.o

    ----------------------------------------------------------------------
    139082        388     549103        612      80486     634817   Object Totals
         0          0         64          0          0          0   (incl. Generated)
       176          0          7          3         72          0   (incl. Padding)

    ----------------------------------------------------------------------

      Code (inc. data)   RO Data    RW Data    ZI Data      Debug   Library Member Name

        58          0          0          0          0          0   __dczerorl.o
         8          0          0          0          0         68   __main.o
       392          4         17          0          0         92   __printf_flags_ss_wp.o
        14          0          0          0          0         68   __printf_wp.o
         0          0          0          0          0          0   __rtentry.o
        12          0          0          0          0          0   __rtentry2.o
         6          0          8          0          0          0   __rtentry4.o
        52          8          0          0          0          0   __scatter.o
        26          0          0          0          0          0   __scatter_copy.o
        28          0          0          0          0          0   __scatter_zi.o
        72          0          0          0          0         96   _c16rtomb.o
         6          0          0          0          0          0   _printf_a.o
         6          0          0          0          0          0   _printf_c.o
        44          0          0          0          0        108   _printf_char.o
        48          6          0          0          0         96   _printf_char_common.o
        36          4          0          0          0         80   _printf_char_file.o
        40          0          0          0          0         68   _printf_charcount.o
         6          0          0          0          0          0   _printf_d.o
       120         16          0          0          0         92   _printf_dec.o
         6          0          0          0          0          0   _printf_e.o
         6          0          0          0          0          0   _printf_f.o
      1052          0          0          0          0        148   _printf_fp_dec.o
       764          8         38          0          0        100   _printf_fp_hex.o
       128         16          0          0          0         84   _printf_fp_infnan.o
         6          0          0          0          0          0   _printf_g.o
       148          4         40          0          0        160   _printf_hex_int_ll_ptr.o
         6          0          0          0          0          0   _printf_i.o
       178          0          0          0          0         88   _printf_intcommon.o
        10          0          0          0          0          0   _printf_l.o
         6          0          0          0          0          0   _printf_lc.o
        10          0          0          0          0          0   _printf_ll.o
         6          0          0          0          0          0   _printf_lld.o
         6          0          0          0          0          0   _printf_lli.o
         6          0          0          0          0          0   _printf_llo.o
         6          0          0          0          0          0   _printf_llu.o
         6          0          0          0          0          0   _printf_llx.o
       124         16          0          0          0         92   _printf_longlong_dec.o
         6          0          0          0          0          0   _printf_ls.o
         6          0          0          0          0          0   _printf_n.o
         6          0          0          0          0          0   _printf_o.o
       112          8          0          0          0        124   _printf_oct_int_ll.o
         6          0          0          0          0          0   _printf_p.o
        78          0          0          0          0        108   _printf_pad.o
         0          0          0          0          0          0   _printf_percent.o
         4          0          0          0          0          0   _printf_percent_end.o
         6          0          0          0          0          0   _printf_s.o
        82          0          0          0          0         80   _printf_str.o
        36          0          0          0          0         84   _printf_truncate.o
         6          0          0          0          0          0   _printf_u.o
        44          0          0          0          0        108   _printf_wchar.o
       188          6          8          0          0         92   _printf_wctomb.o
         6          0          0          0          0          0   _printf_x.o
        22          0          0          0          0         80   abort.o
         8          0          0          0          0         68   abs.o
        46          0          0          0          0         84   aeabi_atexit.o
        16          0          0          0          0         68   aeabi_memset4.o
       128         42          0          0          0         76   assert.o
        24          6          0          0          0         80   assert_stdio.o
       228          4        148          0          0         96   bigflt0.o
      1936        128          0          0          0        668   btod.o
        10          0          0          0          0         68   cxa_atexit.o
        66          0          0          0          0         84   cxa_finalize.o
        48         34          0          0          0         76   defsig_abrt_inner.o
        14          0          0          0          0         80   defsig_abrt_outer.o
        10          0          0          0          0         68   defsig_exit.o
        50          0          0          0          0         88   defsig_general.o
        80         58          0          0          0         76   defsig_rtmem_inner.o
        14          0          0          0          0         80   defsig_rtmem_outer.o
        52         38          0          0          0         76   defsig_rtred_inner.o
        14          0          0          0          0         80   defsig_rtred_outer.o
        18          0          0          0          0         80   exit.o
        76          0          0          0          0         88   fclose.o
         8          0          0          0          0         68   ferror.o
       100          4          0          0          0        120   fflush.o
       482          0          0          0          0         92   flsbuf.o
       240          6          0          0          0        128   fopen.o
        28          0          0          0          0         68   fputc.o
        34          0          0          0          0         80   fputs.o
       248          6          0          0          0         84   fseek.o
        66          0          0          0          0         76   ftell.o
        94          0          0          0          0         80   h1_alloc.o
        52          0          0          0          0         68   h1_extend.o
        78          0          0          0          0         80   h1_free.o
        14          0          0          0          0         84   h1_init.o
       174          0          0          0          0         88   h1_memalign.o
         6          0          0          0          0        152   heapauxi.o
         4          0          0          0          0        136   hguard.o
         0          0          0          0          0          0   indicate_semi.o
        36          8          0          0          0         80   init_aeabi.o
       138          0          0          0          0        168   init_alloc.o
       312         46          0          0          0        112   initio.o
        44         10        272          0          0         76   lc_ctype_c.o
        44         10         28          0          0         76   lc_numeric_c.o
         2          0          0          0          0          0   libinit.o
        50          0          0          0          0          0   libinit2.o
         2          0          0          0          0          0   libshutdown.o
        12          0          0          0          0          0   libshutdown2.o
         8          4          0          0         96         68   libspace.o
       138          0          0          0          0         80   lludiv10.o
       240          0          0          0          0        100   lludivv7m.o
         0          0          0          0          0          0   maybetermalloc1.o
        24          4          0          0          0         84   printf.o
        16          4          0          0          0         76   rt_ctype_table.o
         8          4          0          0          0         68   rt_ddtor_pointer_addr_intlibspace.o
         8          4          0          0          0         68   rt_errno_addr_intlibspace.o
         8          4          0          0          0         68   rt_heap_descriptor_intlibspace.o
         8          4          0          0          0         68   rt_locale_intlibspace.o
        68          0          0          0          0         68   rt_memclr.o
        78          0          0          0          0         80   rt_memclr_w.o
       138          0          0          0          0         68   rt_memcpy_v6.o
       100          0          0          0          0         80   rt_memcpy_w.o
         2          0          0          0          0          0   rtexit.o
        10          0          0          0          0          0   rtexit2.o
        70          0          0          0          0         80   setvbuf.o
       240          6          0          0          0        156   stdio.o
         0          0          0         12        252          0   stdio_streams.o
       124          0          0          0          0         88   strcmpv7em.o
        12          4          0          0          0         68   sys_exit.o
        74          0          0          0          0         80   sys_stackheap_outer.o
        14          0          0          0          0         76   sys_wrch.o
         2          0          0          0          0         68   use_no_semi.o
        98          4          0          0          0        140   d2f.o
       834         16          0          0          0        516   daddsub_clz.o
        84          0          0          0          0        244   dcmp.o
        24          0          0          0          0        116   dcmpi.o
       692        140          0          0          0        264   ddiv.o
       120          4          0          0          0        140   deqf.o
        94          4          0          0          0        140   dfix.o
        46          0          0          0          0        116   dflt_clz.o
       120          4          0          0          0        140   dgeqf.o
       120          4          0          0          0        140   dleqf.o
       340         12          0          0          0        152   dmul.o
       156          4          0          0          0        140   dnaninf.o
        12          0          0          0          0        116   dretinf.o
       108          0          0          0          0        128   drleqf.o
        86          4          0          0          0        132   f2d.o
       140          4          0          0          0        132   fnaninf.o
        26          0          0          0          0        116   fpinit.o
        10          0          0          0          0        116   fretinf.o
         4          0          0          0          0        116   printf1.o
         4          0          0          0          0        116   printf2.o
         0          0          0          0          0          0   usenofp.o
        16          0         16          0          0        436   new.cpp.o
         6          0          8          0          0         44   abort_message.cpp.o
         0          0          0          8          0          0   cxa_default_handlers.cpp.o
       786          4        204          0          0        576   cxa_exception.cpp.o
        20          0          8          0         12         52   cxa_exception_storage.cpp.o
       104         56         16          0          0         76   cxa_guard.cpp.o
       244        136         88          0          0        180   cxa_handlers.cpp.o
      2046         14        148          0          0        276   cxa_personality.cpp.o
        40         32          8          0          0         68   cxa_virtual.cpp.o
       352          0         24          0        516        164   fallback_malloc.cpp.o
      1106          0        292          0          0       1044   private_typeinfo.cpp.o
        32         20         79          0          0        196   stdlib_exception.cpp.o
         2          0         21          0          0        196   stdlib_typeinfo.cpp.o
      1954         14        112          0          0        540   Unwind-EHABI.cpp.o
        38          0          0          0          0          0   UnwindRegistersRestore.S.o
        46          0          0          0          0          0   UnwindRegistersSave.S.o
      2488        564        291          0          1        800   libunwind.cpp.o
       280         28          0          0          0        156   ceil.o
        48          0          0          0          0        124   fpclassify.o
       310         72        287          0          0          0   abstractpartition.o
      3962        100        420         20          8          0   application.o
      2690        220        522          0         36          0   bitmap.o
       180          0        176          0          0          0   box.o
       408          4        136          0          0          0   constfont.o
      1234        116        426          0          0          0   container.o
       220          8          0          0          0          0   displaytransformation.o
       708        160        262          0          0          0   dma.o
       402          4        168          0          0          0   drawable.o
       656          0         48          0          0          0   font.o
        12          4          0          0          4          0   fontmanager.o
       330         12        132          0          0          0   gestures.o
      3696        298       1225          0         17          0   hal.o
       190          0        140          0          0          0   image.o
      4162         58        349          0          4          0   lcd.o
     33634        698       2766        112        112          0   lcd16bpp.o
      1526         28        424          0          0          0   screen.o
       160         16          0          0          0          0   stm32_crc_lock.o
      2632        264        250          0          0          0   textprovider.o
       994         84          0          0          0          0   texturemaptypes.o
       566         12          0          0         44          0   touchcalibration.o
         0          0          0          0         14          0   typedtext.o

    ----------------------------------------------------------------------
     82086       3760       9609        160       1150      15856   Library Totals
       136          0          4          8         34          0   (incl. Padding)

    ----------------------------------------------------------------------

      Code (inc. data)   RO Data    RW Data    ZI Data      Debug   Library Name

     10552        534        559         12        348       7708   c_w.l
      3118        200          0          0          0       3220   fz_wm.l
        16          0         16          0          0        436   libcpp_wx.l
      4738        262        896          8        528       2872   libcppabi_wx.l
      4526        578        403          0          1       1340   libunwind_wx.l
       328         28          0          0          0        280   m_wm.l
     58672       2158       7731        132        239          0   touchgfx_core_wchar16.lib

    ----------------------------------------------------------------------
     82086       3760       9609        160       1150      15856   Library Totals

    ----------------------------------------------------------------------

==============================================================================


      Code (inc. data)   RO Data    RW Data    ZI Data      Debug   

    221168       4148     558712        772      81636     642421   Grand Totals
    221168       4148     558712        208      81636     642421   ELF Image Totals (compressed)
    221168       4148     558712        208          0          0   ROM Totals

==============================================================================

    Total RO  Size (Code + RO Data)               779880 ( 761.60kB)
    Total RW  Size (RW Data + ZI Data)             82408 (  80.48kB)
    Total ROM Size (Code + RO Data + RW Data)     780088 ( 761.80kB)

==============================================================================

